PS C:\DockerTest> systeminfo

ホスト名:               WIN10-PC
OS 名:                  Microsoft Windows 10 Pro
OS バージョン:          10.0.19044 N/A ビルド 19044
OS 製造元:              Microsoft Corporation
OS 構成:                スタンドアロン ワークステーション
OS ビルドの種類:        Multiprocessor Free

物理メモリの合計:       4,004 MB
利用できる物理メモリ:   739 MB
仮想メモリ: 最大サイズ: 16,292 MB
仮想メモリ: 利用可能:   7,831 MB
仮想メモリ: 使用中:     8,461 MB
※一部、抜

Docker Desktop 4.8.2 (79419)
Docker Engine　v20.10.14

PS C:\Windows\system32> docker ps
CONTAINER ID   IMAGE     COMMAND   CREATED   STATUS    PORTS     NAMES
PS C:\Windows\system32> docker version
Client:
 Cloud integration: v1.0.24
 Version:           20.10.14
 API version:       1.41
 Go version:        go1.16.15
 Git commit:        a224086
 Built:             Thu Mar 24 01:53:11 2022
 OS/Arch:           windows/amd64
 Context:           default
 Experimental:      true

Server: Docker Desktop 4.8.2 (79419)
 Engine:
  Version:          20.10.14
  API version:      1.41 (minimum version 1.12)
  Go version:       go1.16.15
  Git commit:       87a90dc
  Built:            Thu Mar 24 01:46:14 2022
  OS/Arch:          linux/amd64
  Experimental:     false
 containerd:
  Version:          1.5.11
  GitCommit:        3df54a852345ae127d1fa3092b95168e4a88e2f8
 runc:
  Version:          1.0.3
  GitCommit:        v1.0.3-0-gf46b6ba
 docker-init:
  Version:          0.19.0
  GitCommit:        de40ad0
PS C:\Windows\system32> cd C:\DockerTest
PS C:\DockerTest> ls


    ディレクトリ: C:\DockerTest


Mode                 LastWriteTime         Length Name
----                 -------------         ------ ----
-a----        2022/05/25     17:36     1331691520 ubuntu-20.04.4-live-server-amd64.iso


PS C:\DockerTest> tar -cvf ubuntu-20.04.4-live-server-amd64.iso.tar .\ubuntu-20.04.4-live-server-amd64.iso
a ./ubuntu-20.04.4-live-server-amd64.iso
PS C:\DockerTest> docker ps
CONTAINER ID   IMAGE     COMMAND   CREATED   STATUS    PORTS     NAMES
PS C:\DockerTest> docker load -i .\ubuntu-20.04.4-live-server-amd64.iso.tar
open /var/lib/docker/tmp/docker-import-988949726/repositories: no such file or directory
PS C:\DockerTest> docker images
REPOSITORY   TAG       IMAGE ID   CREATED   SIZE
PS C:\DockerTest> pwd

Path
----
C:\DockerTest


PS C:\DockerTest> 
PS C:\DockerTest> docker load -i .\ubuntu-20.04.4-live-server-amd64.iso
Error processing tar file(exit status 1): archive/tar: invalid tar header
PS C:\DockerTest> docker images
REPOSITORY   TAG       IMAGE ID   CREATED   SIZE
PS C:\DockerTest> docker import .\ubuntu-20.04.4-live-server-amd64.iso.tar
sha256:7ea4c407b27f002acd5bac28c074d693970b805c6590d9c9c1573df6095290a1
PS C:\DockerTest> docker images
REPOSITORY   TAG       IMAGE ID       CREATED          SIZE
<none>       <none>    7ea4c407b27f   25 seconds ago   1.33GB
PS C:\DockerTest>


※ 以下、 2022年5月26日 実行コマンド　※PowerShell を閉じてしまった為、以下、コマンドのみ記載
docker load -i .\ubuntu-20.04.4-live-server-amd64.iso
docker images
docker import .\ubuntu-20.04.4-live-server-amd64.iso.tar
docker images
docker ps
docker run 7ea4c407b27f
docker run --help
docker create 7ea4c407b27f
docker ps
docker images
docker
docker inspect 7ea4c407b27f
docker image
docker image 7ea4c407b27f
docker run
docker run 7ea4c407b27f
docker images
docker image tag 7ea4c407b27f image_20220526:tag_20200526
docker images
docker run -d image_20220526
docker ps -a
docker run -d image_20220526:tag_20200526
docker run -d tag_20200526
docker run tag_20200526
docker images
docker run 7ea4c407b27f
docker run --help
docker run -d -p 80:80 docker/getting-started
docker images
docker run -d -p 80:80 image_20220526
docker ps
docker ps -a
ls
Start-Process powershell -Verb runas
ls
cat
cat .\ubuntu-20.04-server-cloudimg-amd64-azure.vhd.tar.gz | docker import - amd64-azure01:1.0
(Get-PSReadlineOption).HistorySavePath
Start-Transcript ps_log.txt -append


PS C:\DockerTest> docker import .\ubuntu-20.04-server-cloudimg-amd64-azure.vhd.tar.gz
Error response from daemon: Error processing tar file(exit status 1): unhandled tar header type 83


※ 以下、 2022年5月27日 実行コマンド１
PS C:\Windows\system32> (Get-PSReadlineOption).HistorySavePath
C:\Users\Owner\AppData\Roaming\Microsoft\Windows\PowerShell\PSReadLine\ConsoleHost_history.txt
PS C:\Windows\system32> Start-Transcript ps_log.txt -append
トランスクリプトが開始されました。出力ファイル: ps_log.txt
PS C:\Windows\system32> docker images
REPOSITORY               TAG            IMAGE ID       CREATED        SIZE
image_20220526           tag_20200526   7ea4c407b27f   25 hours ago   1.33GB
docker/getting-started   latest         cb90f98fd791   6 weeks ago    28.8MB
PS C:\Windows\system32> cd C:\DockerTest
PS C:\DockerTest> docker import .\ubuntu-20.04-server-cloudimg-amd64-azure.vhd.tar.gz
Error response from daemon: Error processing tar file(exit status 1): unhandled tar header type 83
PS C:\DockerTest> ls


    ディレクトリ: C:\DockerTest


Mode                 LastWriteTime         Length Name
----                 -------------         ------ ----
-a----        2022/05/26     16:05      583473625 ubuntu-20.04-server-cloudimg-amd64-azure.vhd.tar.gz
-a----        2022/05/26     16:06      328165380 ubuntu-20.04-server-cloudimg-s390x-root.tar.xz
-a----        2022/05/26     15:19         258178 ubuntu-20.04.4-desktop-amd64.iso.torrent
-a----        2022/05/25     17:36     1331691520 ubuntu-20.04.4-live-server-amd64.iso
-a----        2022/05/25     17:47     1331693056 ubuntu-20.04.4-live-server-amd64.iso.tar


PS C:\DockerTest> docker ps
CONTAINER ID   IMAGE                           COMMAND                  CREATED       STATUS       PORTS                NAMES
f42e90257cb7   docker/getting-started:latest   "/docker-entrypoint.…"   3 hours ago   Up 3 hours   80/tcp               clever_mendel
be6470ea164f   docker/getting-started          "/docker-entrypoint.…"   3 hours ago   Up 3 hours   0.0.0.0:80->80/tcp   hungry_babbage
PS C:\DockerTest> docker version
Client:
 Cloud integration: v1.0.24
 Version:           20.10.14
 API version:       1.41
 Go version:        go1.16.15
 Git commit:        a224086
 Built:             Thu Mar 24 01:53:11 2022
 OS/Arch:           windows/amd64
 Context:           default
 Experimental:      true

Server: Docker Desktop 4.8.2 (79419)
 Engine:
  Version:          20.10.14
  API version:      1.41 (minimum version 1.12)
  Go version:       go1.16.15
  Git commit:       87a90dc
  Built:            Thu Mar 24 01:46:14 2022
  OS/Arch:          linux/amd64
  Experimental:     false
 containerd:
  Version:          1.5.11
  GitCommit:        3df54a852345ae127d1fa3092b95168e4a88e2f8
 runc:
  Version:          1.0.3
  GitCommit:        v1.0.3-0-gf46b6ba
 docker-init:
  Version:          0.19.0
  GitCommit:        de40ad0
PS C:\DockerTest> docker import .\ubuntu-20.04-server-cloudimg-s390x-root.tar.xz
sha256:458f29d9bf0c2276f32c4ff299f976de365099f3f957ff3ebf830630328d5541
PS C:\DockerTest> docker images
REPOSITORY               TAG            IMAGE ID       CREATED              SIZE
<none>                   <none>         458f29d9bf0c   About a minute ago   938MB
image_20220526           tag_20200526   7ea4c407b27f   25 hours ago         1.33GB
docker/getting-started   latest         cb90f98fd791   6 weeks ago          28.8MB
PS C:\DockerTest> docker image tag 458f29d9bf0c s390x-20220527:s390x-tag-20220527
PS C:\DockerTest> docker images
REPOSITORY               TAG                  IMAGE ID       CREATED        SIZE
s390x-20220527           s390x-tag-20220527   458f29d9bf0c   15 hours ago   938MB
image_20220526           tag_20200526         7ea4c407b27f   40 hours ago   1.33GB
docker/getting-started   latest               cb90f98fd791   6 weeks ago    28.8MB
PS C:\DockerTest> docker run -d s390x-20220527
Unable to find image 's390x-20220527:latest' locally
docker: Error response from daemon: pull access denied for s390x-20220527, repository does not exist or may require 'docker login': denied: requested access to the resource is denied.
See 'docker run --help'.
PS C:\DockerTest> docker run -d s390x-tag-20220527
Unable to find image 's390x-tag-20220527:latest' locally
docker: Error response from daemon: pull access denied for s390x-tag-20220527, repository does not exist or may require 'docker login': denied: requested access to the resource is denied.
See 'docker run --help'.
PS C:\DockerTest> docker run -d -p 80:80 s390x-20220527
Unable to find image 's390x-20220527:latest' locally
docker: Error response from daemon: pull access denied for s390x-20220527, repository does not exist or may require 'docker login': denied: requested access to the resource is denied.
See 'docker run --help'.PS C:\DockerTest> docker ps -a
CONTAINER ID   IMAGE                           COMMAND                  CREATED        STATUS        PORTS                NAMES
f42e90257cb7   docker/getting-started:latest   "/docker-entrypoint.…"   18 hours ago   Up 18 hours   80/tcp               clever_mendel
be6470ea164f   docker/getting-started          "/docker-entrypoint.…"   19 hours ago   Up 19 hours   0.0.0.0:80->80/tcp   hungry_babbage
PS C:\DockerTest> docker run -d -p 80:80 docker/getting-started
3364f0630c9f29766501e3f47bffbb6dfd70676dde12a0f82ad193296e956da7
docker: Error response from daemon: driver failed programming external connectivity on endpoint brave_raman (e015db366eca77a9b3e180135034c383f19e7306973722aec59655d3a3521a25): Bind for 0.0.0.0:80 failed: port is already allocated.
PS C:\DockerTest> docker ps -a
CONTAINER ID   IMAGE                           COMMAND                  CREATED          STATUS        PORTS                NAMES
3364f0630c9f   docker/getting-started          "/docker-entrypoint.…"   11 seconds ago   Created                            brave_raman
f42e90257cb7   docker/getting-started:latest   "/docker-entrypoint.…"   18 hours ago     Up 18 hours   80/tcp               clever_mendel
be6470ea164f   docker/getting-started          "/docker-entrypoint.…"   19 hours ago     Up 19 hours   0.0.0.0:80->80/tcp   hungry_babbage


20220530 first log
Windows PowerShell
Copyright (C) Microsoft Corporation. All rights reserved.

新しいクロスプラットフォームの PowerShell をお試しください https://aka.ms/pscore6

. : このシステムではスクリプトの実行が無効になっているため、ファイル C:\Users\Owner\Documents\WindowsPowerShell\profile
.ps1 を読み込むことができません。詳細については、「about_Execution_Policies」(https://go.microsoft.com/fwlink/?LinkID=1
35170) を参照してください。
発生場所 行:1 文字:3
+ . 'C:\Users\Owner\Documents\WindowsPowerShell\profile.ps1'
+   ~~~~~~~~~~~~~~~~~~~~~~~~~~~~~~~~~~~~~~~~~~~~~~~~~~~~~~~~
    + CategoryInfo          : セキュリティ エラー: (: ) []、PSSecurityException
    + FullyQualifiedErrorId : UnauthorizedAccess
パーソナル プロファイルとシステム プロファイルの読み込みにかかった時間は 3522 ミリ秒です。
PS C:\Windows\system32> (Get-PSReadlineOption).HistorySavePath
C:\Users\Owner\AppData\Roaming\Microsoft\Windows\PowerShell\PSReadLine\ConsoleHost_history.txt
PS C:\Windows\system32> Start-Transcript ps_log.txt -append
トランスクリプトが開始されました。出力ファイル: ps_log.txt
PS C:\Windows\system32> docker images
REPOSITORY               TAG            IMAGE ID       CREATED        SIZE
image_20220526           tag_20200526   7ea4c407b27f   25 hours ago   1.33GB
docker/getting-started   latest         cb90f98fd791   6 weeks ago    28.8MB
PS C:\Windows\system32> cd C:\DockerTest
PS C:\DockerTest> docker import .\ubuntu-20.04-server-cloudimg-amd64-azure.vhd.tar.gz
Error response from daemon: Error processing tar file(exit status 1): unhandled tar header type 83
PS C:\DockerTest> ls


    ディレクトリ: C:\DockerTest


Mode                 LastWriteTime         Length Name
----                 -------------         ------ ----
-a----        2022/05/26     16:05      583473625 ubuntu-20.04-server-cloudimg-amd64-azure.vhd.tar.gz
-a----        2022/05/26     16:06      328165380 ubuntu-20.04-server-cloudimg-s390x-root.tar.xz
-a----        2022/05/26     15:19         258178 ubuntu-20.04.4-desktop-amd64.iso.torrent
-a----        2022/05/25     17:36     1331691520 ubuntu-20.04.4-live-server-amd64.iso
-a----        2022/05/25     17:47     1331693056 ubuntu-20.04.4-live-server-amd64.iso.tar


PS C:\DockerTest> docker ps
CONTAINER ID   IMAGE                           COMMAND                  CREATED       STATUS       PORTS                NAMES
f42e90257cb7   docker/getting-started:latest   "/docker-entrypoint.…"   3 hours ago   Up 3 hours   80/tcp               clever_mendel
be6470ea164f   docker/getting-started          "/docker-entrypoint.…"   3 hours ago   Up 3 hours   0.0.0.0:80->80/tcp   hungry_babbage
PS C:\DockerTest> docker version
Client:
 Cloud integration: v1.0.24
 Version:           20.10.14
 API version:       1.41
 Go version:        go1.16.15
 Git commit:        a224086
 Built:             Thu Mar 24 01:53:11 2022
 OS/Arch:           windows/amd64
 Context:           default
 Experimental:      true

Server: Docker Desktop 4.8.2 (79419)
 Engine:
  Version:          20.10.14
  API version:      1.41 (minimum version 1.12)
  Go version:       go1.16.15
  Git commit:       87a90dc
  Built:            Thu Mar 24 01:46:14 2022
  OS/Arch:          linux/amd64
  Experimental:     false
 containerd:
  Version:          1.5.11
  GitCommit:        3df54a852345ae127d1fa3092b95168e4a88e2f8
 runc:
  Version:          1.0.3
  GitCommit:        v1.0.3-0-gf46b6ba
 docker-init:
  Version:          0.19.0
  GitCommit:        de40ad0
PS C:\DockerTest> docker import .\ubuntu-20.04-server-cloudimg-s390x-root.tar.xz
sha256:458f29d9bf0c2276f32c4ff299f976de365099f3f957ff3ebf830630328d5541
PS C:\DockerTest> docker images
REPOSITORY               TAG            IMAGE ID       CREATED              SIZE
<none>                   <none>         458f29d9bf0c   About a minute ago   938MB
image_20220526           tag_20200526   7ea4c407b27f   25 hours ago         1.33GB
docker/getting-started   latest         cb90f98fd791   6 weeks ago          28.8MB
PS C:\DockerTest> docker image tag 458f29d9bf0c s390x-20220527:s390x-tag-20220527
PS C:\DockerTest> docker images
REPOSITORY               TAG                  IMAGE ID       CREATED        SIZE
s390x-20220527           s390x-tag-20220527   458f29d9bf0c   15 hours ago   938MB
image_20220526           tag_20200526         7ea4c407b27f   40 hours ago   1.33GB
docker/getting-started   latest               cb90f98fd791   6 weeks ago    28.8MB
PS C:\DockerTest> docker run -d s390x-20220527
Unable to find image 's390x-20220527:latest' locally
docker: Error response from daemon: pull access denied for s390x-20220527, repository does not exist or may require 'docker login': denied: requested access to the resource is denied.
See 'docker run --help'.
PS C:\DockerTest> docker run -d s390x-20220527:s390x-tag-20220527
docker: Error response from daemon: No command specified.
See 'docker run --help'.
PS C:\DockerTest> docker run -d s390x-tag-20220527
Unable to find image 's390x-tag-20220527:latest' locally
docker: Error response from daemon: pull access denied for s390x-tag-20220527, repository does not exist or may require 'docker login': denied: requested access to the resource is denied.
See 'docker run --help'.
PS C:\DockerTest> docker run -d -p 80:80 s390x-20220527
Unable to find image 's390x-20220527:latest' locally
docker: Error response from daemon: pull access denied for s390x-20220527, repository does not exist or may require 'docker login': denied: requested access to the resource is denied.
See 'docker run --help'.
PS C:\DockerTest> docker ps
CONTAINER ID   IMAGE                           COMMAND                  CREATED        STATUS        PORTS                NAMES
f42e90257cb7   docker/getting-started:latest   "/docker-entrypoint.…"   18 hours ago   Up 18 hours   80/tcp               clever_mendel
be6470ea164f   docker/getting-started          "/docker-entrypoint.…"   19 hours ago   Up 19 hours   0.0.0.0:80->80/tcp   hungry_babbage
PS C:\DockerTest> docker ps -a
CONTAINER ID   IMAGE                           COMMAND                  CREATED        STATUS        PORTS                NAMES
f42e90257cb7   docker/getting-started:latest   "/docker-entrypoint.…"   18 hours ago   Up 18 hours   80/tcp               clever_mendel
be6470ea164f   docker/getting-started          "/docker-entrypoint.…"   19 hours ago   Up 19 hours   0.0.0.0:80->80/tcp   hungry_babbage
PS C:\DockerTest> docker run -d -p 80:80 docker/getting-started
3364f0630c9f29766501e3f47bffbb6dfd70676dde12a0f82ad193296e956da7
docker: Error response from daemon: driver failed programming external connectivity on endpoint brave_raman (e015db366eca77a9b3e180135034c383f19e7306973722aec59655d3a3521a25): Bind for 0.0.0.0:80 failed: port is already allocated.
PS C:\DockerTest> docker ps -a
CONTAINER ID   IMAGE                           COMMAND                  CREATED          STATUS        PORTS                NAMES
3364f0630c9f   docker/getting-started          "/docker-entrypoint.…"   11 seconds ago   Created                            brave_raman
f42e90257cb7   docker/getting-started:latest   "/docker-entrypoint.…"   18 hours ago     Up 18 hours   80/tcp               clever_mendel
be6470ea164f   docker/getting-started          "/docker-entrypoint.…"   19 hours ago     Up 19 hours   0.0.0.0:80->80/tcp   hungry_babbage
PS C:\DockerTest> systeminfo

ホスト名:               WIN10-PC
OS 名:                  Microsoft Windows 10 Pro
OS バージョン:          10.0.19044 N/A ビルド 19044
OS 製造元:              Microsoft Corporation
OS 構成:                スタンドアロン ワークステーション
OS ビルドの種類:        Multiprocessor Free
登録されている所有者:   Owner
登録されている組織:
プロダクト ID:          00330-80000-00000-AA863
最初のインストール日付: 2022/01/19, 9:26:31
システム起動時間:       2022/05/25, 17:00:08
システム製造元:         FUJITSU
システム モデル:        FARR02003
システムの種類:         x64-based PC
プロセッサ:             1 プロセッサインストール済みです。
                        [01]: Intel64 Family 6 Model 78 Stepping 3 GenuineIntel ~2304 Mhz
BIOS バージョン:        FUJITSU // Insyde Software Corp. Version 1.13, 2016/12/02
Windows ディレクトリ:   C:\Windows
システム ディレクトリ:  C:\Windows\system32
起動デバイス:           \Device\HarddiskVolume2
システム ロケール:      ja;日本語
入力ロケール:           ja;日本語
タイム ゾーン:          (UTC+09:00) 大阪、札幌、東京
物理メモリの合計:       4,004 MB
利用できる物理メモリ:   739 MB
仮想メモリ: 最大サイズ: 16,292 MB
仮想メモリ: 利用可能:   7,831 MB
仮想メモリ: 使用中:     8,461 MB
ページ ファイルの場所:  C:\pagefile.sys
ドメイン:               WORKGROUP
ログオン サーバー:      \\WIN10-PC
ホットフィックス:       12 ホットフィックスがインストールされています。
                        [01]: KB5013624
                        [02]: KB4562830
                        [03]: KB4570334
                        [04]: KB4577266
                        [05]: KB4577586
                        [06]: KB4580325
                        [07]: KB5003791
                        [08]: KB5013942
                        [09]: KB5007273
                        [10]: KB5011352
                        [11]: KB5011651
                        [12]: KB5014032
ネットワーク カード:    6 NIC(s) インストール済みです。
                        [01]: Intel(R) Ethernet Connection I219-V
                              接続名:           イーサネット
                              状態:          メディアは接続されていません
                        [02]: Intel(R) Dual Band Wireless-AC 8260
                              接続名:           Wi-Fi
                              DHCP が有効:      はい
                              DHCP サーバー:    192.168.0.1
                              IP アドレス
                              [01]: 192.168.0.149
                              [02]: fe80::5d46:c272:afd2:b185
                              [03]: 240b:12:a1:2300:e50b:191a:b2ab:6848
                              [04]: 240b:12:a1:2300:d482:e1a:e848:d48f
                              [05]: 240b:12:a1:2300:5d46:c272:afd2:b185
                        [03]: Bluetooth Device (Personal Area Network)
                              接続名:           Bluetooth ネットワーク接続
                              状態:          メディアは接続されていません
                        [04]: VirtualBox Host-Only Ethernet Adapter
                              接続名:           VirtualBox Host-Only Network
                              DHCP が有効:      いいえ
                              IP アドレス
                              [01]: 192.168.56.1
                              [02]: fe80::91af:cc03:6658:4241
                        [05]: Hyper-V Virtual Ethernet Adapter
                              接続名:           vEthernet (Default Switch)
                              DHCP が有効:      いいえ
                              IP アドレス
                              [01]: 172.17.192.1
                              [02]: fe80::c98a:db10:a63e:1a7b
                        [06]: Hyper-V Virtual Ethernet Adapter
                              接続名:           vEthernet (WSL)
                              DHCP が有効:      いいえ
                              IP アドレス
                              [01]: 172.22.192.1
                              [02]: fe80::5cad:e795:7adb:8cad
Hyper-V の要件:         ハイパーバイザーが検出されました。Hyper-V に必要な機能は表示されません。
PS C:\DockerTest> docker ps -a
CONTAINER ID   IMAGE                           COMMAND                  CREATED        STATUS                           PORTS                NAMES
3364f0630c9f   docker/getting-started          "/docker-entrypoint.…"   2 hours ago    Created                                               brave_raman
f42e90257cb7   docker/getting-started:latest   "/docker-entrypoint.…"   20 hours ago   Exited (255) About an hour ago   80/tcp               clever_mendel
be6470ea164f   docker/getting-started          "/docker-entrypoint.…"   20 hours ago   Exited (255) About an hour ago   0.0.0.0:80->80/tcp   hungry_babbage
PS C:\DockerTest> docker images
REPOSITORY               TAG                  IMAGE ID       CREATED        SIZE
s390x-20220527           s390x-tag-20220527   458f29d9bf0c   17 hours ago   938MB
image_20220526           tag_20200526         7ea4c407b27f   41 hours ago   1.33GB
docker/getting-started   latest               cb90f98fd791   6 weeks ago    28.8MB
PS C:\DockerTest> docker run -d -p 80:80 s390x-20220527
Unable to find image 's390x-20220527:latest' locally
docker: Error response from daemon: pull access denied for s390x-20220527, repository does not exist or may require 'docker login': denied: requested access to the resource is denied.
See 'docker run --help'.
PS C:\DockerTest> docker-compose

Usage:  docker compose [OPTIONS] COMMAND

Docker Compose

Options:
      --ansi string                Control when to print ANSI control
                                   characters ("never"|"always"|"auto")
                                   (default "auto")
      --compatibility              Run compose in backward compatibility mode
      --env-file string            Specify an alternate environment file.
  -f, --file stringArray           Compose configuration files
      --profile stringArray        Specify a profile to enable
      --project-directory string   Specify an alternate working directory
                                   (default: the path of the, first
                                   specified, Compose file)
  -p, --project-name string        Project name

Commands:
  build       Build or rebuild services
  convert     Converts the compose file to platform's canonical format
  cp          Copy files/folders between a service container and the local filesystem
  create      Creates containers for a service.
  down        Stop and remove containers, networks
  events      Receive real time events from containers.
  exec        Execute a command in a running container.
  images      List images used by the created containers
  kill        Force stop service containers.
  logs        View output from containers
  ls          List running compose projects
  pause       Pause services
  port        Print the public port for a port binding.
  ps          List containers
  pull        Pull service images
  push        Push service images
  restart     Restart containers
  rm          Removes stopped service containers
  run         Run a one-off command on a service.
  start       Start services
  stop        Stop services
  top         Display the running processes
  unpause     Unpause services
  up          Create and start containers
  version     Show the Docker Compose version information

Run 'docker compose COMMAND --help' for more information on a command.
PS C:\DockerTest> docker-compose ps -a
no configuration file provided: not found
PS C:\DockerTest> docker-compose ls
NAME                STATUS              CONFIG FILES
PS C:\DockerTest> docker pull ubuntu
Using default tag: latest
latest: Pulling from library/ubuntu
125a6e411906: Pull complete
Digest: sha256:26c68657ccce2cb0a31b330cb0be2b5e108d467f641c62e13ab40cbec258c68d
Status: Downloaded newer image for ubuntu:latest
docker.io/library/ubuntu:latest
PS C:\DockerTest> docker images
REPOSITORY               TAG                  IMAGE ID       CREATED        SIZE
s390x-20220527           s390x-tag-20220527   458f29d9bf0c   19 hours ago   938MB
image_20220526           tag_20200526         7ea4c407b27f   44 hours ago   1.33GB
ubuntu                   latest               d2e4e1f51132   3 weeks ago    77.8MB
docker/getting-started   latest               cb90f98fd791   6 weeks ago    28.8MB
PS C:\DockerTest> docker save -o ubuntu_saved.tar d2e4e1f51132
PS C:\DockerTest> ll
ll : 用語 'll' は、コマンドレット、関数、スクリプト ファイル、または操作可能なプログラムの名前として認識されません。名
前が正しく記述されていることを確認し、パスが含まれている場合はそのパスが正しいことを確認してから、再試行してください。
発生場所 行:1 文字:1
+ ll
+ ~~
    + CategoryInfo          : ObjectNotFound: (ll:String) [], CommandNotFoundException
    + FullyQualifiedErrorId : CommandNotFoundException

PS C:\DockerTest> ls


    ディレクトリ: C:\DockerTest


Mode                 LastWriteTime         Length Name
----                 -------------         ------ ----
-a----        2022/05/26     16:05      583473625 ubuntu-20.04-server-cloudimg-amd64-azure.vhd.tar.gz
-a----        2022/05/26     16:06      328165380 ubuntu-20.04-server-cloudimg-s390x-root.tar.xz
-a----        2022/05/26     15:19         258178 ubuntu-20.04.4-desktop-amd64.iso.torrent
-a----        2022/05/25     17:36     1331691520 ubuntu-20.04.4-live-server-amd64.iso
-a----        2022/05/25     17:47     1331693056 ubuntu-20.04.4-live-server-amd64.iso.tar
-a----        2022/05/27     12:08       27739922 ubuntu-base-20.04.1-base-amd64.tar.gz
-a----        2022/05/30      9:52       80344064 ubuntu_saved.tar


PS C:\DockerTest> docker inspect d2e4e1f51132
[
    {
        "Id": "sha256:d2e4e1f511320dfb2d0baff2468fcf0526998b73fe10c8890b4684bb7ef8290f",
        "RepoTags": [
            "ubuntu:latest"
        ],
        "RepoDigests": [
            "ubuntu@sha256:26c68657ccce2cb0a31b330cb0be2b5e108d467f641c62e13ab40cbec258c68d"
        ],
        "Parent": "",
        "Comment": "",
        "Created": "2022-04-29T23:21:15.708209475Z",
        "Container": "eb7cb806e690fab07843d24c1ecfa18e24b01b721830e7a3bb8b73b0851486f9",
        "ContainerConfig": {
            "Hostname": "eb7cb806e690",
            "Domainname": "",
            "User": "",
            "AttachStdin": false,
            "AttachStdout": false,
            "AttachStderr": false,
            "Tty": false,
            "OpenStdin": false,
            "StdinOnce": false,
            "Env": [
                "PATH=/usr/local/sbin:/usr/local/bin:/usr/sbin:/usr/bin:/sbin:/bin"
            ],
            "Cmd": [
                "/bin/sh",
                "-c",
                "#(nop) ",
                "CMD [\"bash\"]"
            ],
            "Image": "sha256:319644f21fbe4b478fbef9e4e121c1114d49f22883ff149940f78f6419c00c70",
            "Volumes": null,
            "WorkingDir": "",
            "Entrypoint": null,
            "OnBuild": null,
            "Labels": {}
        },
        "DockerVersion": "20.10.12",
        "Author": "",
        "Config": {
            "Hostname": "",
            "Domainname": "",
            "User": "",
            "AttachStdin": false,
            "AttachStdout": false,
            "AttachStderr": false,
            "Tty": false,
            "OpenStdin": false,
            "StdinOnce": false,
            "Env": [
                "PATH=/usr/local/sbin:/usr/local/bin:/usr/sbin:/usr/bin:/sbin:/bin"
            ],
            "Cmd": [
                "bash"
            ],
            "Image": "sha256:319644f21fbe4b478fbef9e4e121c1114d49f22883ff149940f78f6419c00c70",
            "Volumes": null,
            "WorkingDir": "",
            "Entrypoint": null,
            "OnBuild": null,
            "Labels": null
        },
        "Architecture": "amd64",
        "Os": "linux",
        "Size": 77814330,
        "VirtualSize": 77814330,
        "GraphDriver": {
            "Data": {
                "MergedDir": "/var/lib/docker/overlay2/cc7cc58e57abbe5ab51a650b6fae2a08dfb3e728c1dea1bf01205101bd39c300/merged",
                "UpperDir": "/var/lib/docker/overlay2/cc7cc58e57abbe5ab51a650b6fae2a08dfb3e728c1dea1bf01205101bd39c300/diff",
                "WorkDir": "/var/lib/docker/overlay2/cc7cc58e57abbe5ab51a650b6fae2a08dfb3e728c1dea1bf01205101bd39c300/work"
            },
            "Name": "overlay2"
        },
        "RootFS": {
            "Type": "layers",
            "Layers": [
                "sha256:e59fc94956120a6c7629f085027578e6357b48061d45714107e79f04a81a6f0c"
            ]
        },
        "Metadata": {
            "LastTagTime": "0001-01-01T00:00:00Z"
        }
    }
]
PS C:\DockerTest> docker inspect --format="{{.Os}}" d2e4e1f51132
linux
PS C:\DockerTest> docker ps -a
CONTAINER ID   IMAGE                           COMMAND                  CREATED      STATUS                    PORTS                NAMES
3364f0630c9f   docker/getting-started          "/docker-entrypoint.…"   3 days ago   Created                                        brave_raman
f42e90257cb7   docker/getting-started:latest   "/docker-entrypoint.…"   3 days ago   Exited (255) 3 days ago   80/tcp               clever_mendel
be6470ea164f   docker/getting-started          "/docker-entrypoint.…"   3 days ago   Exited (255) 3 days ago   0.0.0.0:80->80/tcp   hungry_babbage
PS C:\DockerTest> docker rm f42e90257cb7 be6470ea164f
f42e90257cb7
be6470ea164f
PS C:\DockerTest> docker ps -a
CONTAINER ID   IMAGE                    COMMAND                  CREATED      STATUS    PORTS     NAMES
3364f0630c9f   docker/getting-started   "/docker-entrypoint.…"   3 days ago   Created             brave_raman
PS C:\DockerTest> docker images
REPOSITORY               TAG                  IMAGE ID       CREATED       SIZE
s390x-20220527           s390x-tag-20220527   458f29d9bf0c   3 days ago    938MB
image_20220526           tag_20200526         7ea4c407b27f   4 days ago    1.33GB
ubuntu                   latest               d2e4e1f51132   4 weeks ago   77.8MB
docker/getting-started   latest               cb90f98fd791   6 weeks ago   28.8MB
PS C:\DockerTest> docker run -d d2e4e1f51132
970719f15bddf536b5b31b51da1107d88fe76a1ce3e01903e7f0b5392f347abf
PS C:\DockerTest> docker ps -a
CONTAINER ID   IMAGE                    COMMAND                  CREATED          STATUS                     PORTS     NAMES
970719f15bdd   d2e4e1f51132             "bash"                   11 seconds ago   Exited (0) 7 seconds ago             hopeful_mclean
3364f0630c9f   docker/getting-started   "/docker-entrypoint.…"   3 days ago       Created                              brave_raman
PS C:\DockerTest> docker exec -it 970719f15bdd /bin/bash
Error response from daemon: Container 970719f15bddf536b5b31b51da1107d88fe76a1ce3e01903e7f0b5392f347abf is not running
PS C:\DockerTest> docker ps -a
CONTAINER ID   IMAGE                    COMMAND                  CREATED         STATUS                     PORTS     NAMES
970719f15bdd   d2e4e1f51132             "bash"                   5 minutes ago   Exited (0) 2 minutes ago             hopeful_mclean
3364f0630c9f   docker/getting-started   "/docker-entrypoint.…"   3 days ago      Created                              brave_raman
PS C:\DockerTest> docker start 970719f15bdd
970719f15bdd
PS C:\DockerTest> docker ps -a
CONTAINER ID   IMAGE                    COMMAND                  CREATED         STATUS                     PORTS     NAMES
970719f15bdd   d2e4e1f51132             "bash"                   6 minutes ago   Exited (0) 5 seconds ago             hopeful_mclean
3364f0630c9f   docker/getting-started   "/docker-entrypoint.…"   3 days ago      Created                              brave_raman
PS C:\DockerTest> docker run ubuntu:20.04 /bin/echo 'Hello-world'
Unable to find image 'ubuntu:20.04' locally
20.04: Pulling from library/ubuntu
d5fd17ec1767: Pull complete
Digest: sha256:47f14534bda344d9fe6ffd6effb95eefe579f4be0d508b7445cf77f61a0e5724
Status: Downloaded newer image for ubuntu:20.04
Hello-world
PS C:\DockerTest> docker ps -a
CONTAINER ID   IMAGE                    COMMAND                  CREATED             STATUS                         PORTS     NAMES
4c7e8443d582   ubuntu:20.04             "/bin/echo Hello-wor…"   52 seconds ago      Exited (0) 50 seconds ago                elegant_mestorf
970719f15bdd   d2e4e1f51132             "bash"                   About an hour ago   Exited (0) About an hour ago             hopeful_mclean
3364f0630c9f   docker/getting-started   "/docker-entrypoint.…"   3 days ago          Created                                  brave_raman
PS C:\DockerTest> docker ps
CONTAINER ID   IMAGE     COMMAND   CREATED   STATUS    PORTS     NAMES
PS C:\DockerTest> docker start 3364f0630c9f
3364f0630c9f
PS C:\DockerTest> docker ps
CONTAINER ID   IMAGE                    COMMAND                  CREATED      STATUS         PORTS                NAMES
3364f0630c9f   docker/getting-started   "/docker-entrypoint.…"   3 days ago   Up 4 seconds   0.0.0.0:80->80/tcp   brave_raman
PS C:\DockerTest> docker start 4c7e8443d582
4c7e8443d582
PS C:\DockerTest> docker ps
CONTAINER ID   IMAGE                    COMMAND                  CREATED      STATUS          PORTS                NAMES
3364f0630c9f   docker/getting-started   "/docker-entrypoint.…"   3 days ago   Up 29 seconds   0.0.0.0:80->80/tcp   brave_raman
PS C:\DockerTest> docker ps
CONTAINER ID   IMAGE                    COMMAND                  CREATED      STATUS         PORTS                NAMES
3364f0630c9f   docker/getting-started   "/docker-entrypoint.…"   3 days ago   Up 5 minutes   0.0.0.0:80->80/tcp   brave_raman
PS C:\DockerTest> ls


    ディレクトリ: C:\DockerTest


Mode                 LastWriteTime         Length Name
----                 -------------         ------ ----
-a----        2022/05/26     16:05      583473625 ubuntu-20.04-server-cloudimg-amd64-azure.vhd.tar.gz
-a----        2022/05/26     16:06      328165380 ubuntu-20.04-server-cloudimg-s390x-root.tar.xz
-a----        2022/05/26     15:19         258178 ubuntu-20.04.4-desktop-amd64.iso.torrent
-a----        2022/05/25     17:36     1331691520 ubuntu-20.04.4-live-server-amd64.iso
-a----        2022/05/25     17:47     1331693056 ubuntu-20.04.4-live-server-amd64.iso.tar
-a----        2022/05/27     12:08       27739922 ubuntu-base-20.04.1-base-amd64.tar.gz
-a----        2022/05/30      9:52       80344064 ubuntu_saved.tar


PS C:\DockerTest> docer load
docer : 用語 'docer' は、コマンドレット、関数、スクリプト ファイル、または操作可能なプログラムの名前として認識されません。名前が正しく記述されていることを確認し、パスが含まれている場合はそのパスが正しいことを確
認してから、再試行してください。
発生場所 行:1 文字:1
+ docer load
+ ~~~~~
    + CategoryInfo          : ObjectNotFound: (docer:String) [], CommandNotFoundException
    + FullyQualifiedErrorId : CommandNotFoundException

PS C:\DockerTest> docker load
requested load from stdin, but stdin is empty
PS C:\DockerTest> docker load -i .\ubuntu_saved.tar
Loaded image ID: sha256:d2e4e1f511320dfb2d0baff2468fcf0526998b73fe10c8890b4684bb7ef8290f
PS C:\DockerTest> docker images
REPOSITORY               TAG                  IMAGE ID       CREATED       SIZE
s390x-20220527           s390x-tag-20220527   458f29d9bf0c   3 days ago    938MB
image_20220526           tag_20200526         7ea4c407b27f   4 days ago    1.33GB
ubuntu                   latest               d2e4e1f51132   4 weeks ago   77.8MB
ubuntu                   20.04                53df61775e88   4 weeks ago   72.8MB
docker/getting-started   latest               cb90f98fd791   6 weeks ago   28.8MB
PS C:\DockerTest> docker ps -a
CONTAINER ID   IMAGE                    COMMAND                  CREATED       STATUS                   PORTS                NAMES
4c7e8443d582   ubuntu:20.04             "/bin/echo Hello-wor…"   2 hours ago   Exited (0) 2 hours ago                        elegant_mestorf
970719f15bdd   d2e4e1f51132             "bash"                   3 hours ago   Exited (0) 3 hours ago                        hopeful_mclean
3364f0630c9f   docker/getting-started   "/docker-entrypoint.…"   3 days ago    Up 2 hours               0.0.0.0:80->80/tcp   brave_raman
PS C:\DockerTest> docker run -itd 4c7e8443d582 /bin/sh
Unable to find image '4c7e8443d582:latest' locally
docker: Error response from daemon: pull access denied for 4c7e8443d582, repository does not exist or may require 'docker login': denied: requested access to the resource is denied.
See 'docker run --help'.
PS C:\DockerTest> sudo docker run -itd 4c7e8443d582 /bin/sh
sudo : 用語 'sudo' は、コマンドレット、関数、スクリプト ファイル、または操作可能なプログラムの名前として認識されません。名前が正しく記述されていることを確認し、パスが含まれている場合はそのパスが正しいことを確認
してから、再試行してください。
発生場所 行:1 文字:1
+ sudo docker run -itd 4c7e8443d582 /bin/sh
+ ~~~~
    + CategoryInfo          : ObjectNotFound: (sudo:String) [], CommandNotFoundException
    + FullyQualifiedErrorId : CommandNotFoundException

PS C:\DockerTest> docker images
REPOSITORY               TAG                  IMAGE ID       CREATED       SIZE
s390x-20220527           s390x-tag-20220527   458f29d9bf0c   3 days ago    938MB
image_20220526           tag_20200526         7ea4c407b27f   4 days ago    1.33GB
ubuntu                   latest               d2e4e1f51132   4 weeks ago   77.8MB
ubuntu                   20.04                53df61775e88   4 weeks ago   72.8MB
docker/getting-started   latest               cb90f98fd791   6 weeks ago   28.8MB
PS C:\DockerTest> docker create d2e4e1f51132
a89f7b5ce8a057f8a81b3783fe8e110e603356ea0d42f89683e7f2f4bc978f5c
PS C:\DockerTest> docker ps -a
CONTAINER ID   IMAGE                    COMMAND                  CREATED          STATUS                   PORTS                NAMES
a89f7b5ce8a0   d2e4e1f51132             "bash"                   41 seconds ago   Created                                       lucid_kapitsa
4c7e8443d582   ubuntu:20.04             "/bin/echo Hello-wor…"   3 hours ago      Exited (0) 2 hours ago                        elegant_mestorf
970719f15bdd   d2e4e1f51132             "bash"                   4 hours ago      Exited (0) 4 hours ago                        hopeful_mclean
3364f0630c9f   docker/getting-started   "/docker-entrypoint.…"   3 days ago       Up 2 hours               0.0.0.0:80->80/tcp   brave_raman
PS C:\DockerTest> docker start -it --name "lucid_kapitsa" ubuntu /bin/bash
unknown shorthand flag: 't' in -t
See 'docker start --help'.
PS C:\DockerTest> docker run -it --name "lucid_kapitsa" ubuntu /bin/bash
docker: Error response from daemon: Conflict. The container name "/lucid_kapitsa" is already in use by container "a89f7b5ce8a057f8a81b3783fe8e110e603356ea0d42f89683e7f2f4bc978f5c". You have to remove (or rename) that container to be able to reuse that name.
See 'docker run --help'.
PS C:\DockerTest> docker ps -a
CONTAINER ID   IMAGE                    COMMAND                  CREATED         STATUS                   PORTS                NAMES
a89f7b5ce8a0   d2e4e1f51132             "bash"                   5 minutes ago   Created                                       lucid_kapitsa
4c7e8443d582   ubuntu:20.04             "/bin/echo Hello-wor…"   3 hours ago     Exited (0) 3 hours ago                        elegant_mestorf
970719f15bdd   d2e4e1f51132             "bash"                   4 hours ago     Exited (0) 4 hours ago                        hopeful_mclean
3364f0630c9f   docker/getting-started   "/docker-entrypoint.…"   3 days ago      Up 3 hours               0.0.0.0:80->80/tcp   brave_raman
PS C:\DockerTest> docker run -it --name "cont_2022053001" ubuntu /bin/bash
root@6a520507af50:/# hostname
6a520507af50
root@6a520507af50:/# systeminfo
bash: systeminfo: command not found
root@6a520507af50:/# cat /etc/os-release
PRETTY_NAME="Ubuntu 22.04 LTS"
NAME="Ubuntu"
VERSION_ID="22.04"
VERSION="22.04 LTS (Jammy Jellyfish)"
VERSION_CODENAME=jammy
ID=ubuntu
ID_LIKE=debian
HOME_URL="https://www.ubuntu.com/"
SUPPORT_URL="https://help.ubuntu.com/"
BUG_REPORT_URL="https://bugs.launchpad.net/ubuntu/"
PRIVACY_POLICY_URL="https://www.ubuntu.com/legal/terms-and-policies/privacy-policy"
UBUNTU_CODENAME=jammy
root@6a520507af50:/# /bin/cal
bash: /bin/cal: No such file or directory
root@6a520507af50:/# cal
bash: cal: command not found
root@6a520507af50:/# pwd
/
root@6a520507af50:/# exit
exit
PS C:\DockerTest> docker run -it --name "cont_2022053002" 53df61775e88 /bin/bash
root@ed4783cfa9ec:/# cat /etc/os-release
NAME="Ubuntu"
VERSION="20.04.4 LTS (Focal Fossa)"
ID=ubuntu
ID_LIKE=debian
PRETTY_NAME="Ubuntu 20.04.4 LTS"
VERSION_ID="20.04"
HOME_URL="https://www.ubuntu.com/"
SUPPORT_URL="https://help.ubuntu.com/"
BUG_REPORT_URL="https://bugs.launchpad.net/ubuntu/"
PRIVACY_POLICY_URL="https://www.ubuntu.com/legal/terms-and-policies/privacy-policy"
VERSION_CODENAME=focal
UBUNTU_CODENAME=focal
root@ed4783cfa9ec:/# exit
exit
PS C:\DockerTest>

20220530 second 
PS C:\DockerTest> docker ps -a
CONTAINER ID   IMAGE                    COMMAND                  CREATED          STATUS                      PORTS                NAMES
ed4783cfa9ec   53df61775e88             "/bin/bash"              25 minutes ago   Exited (0) 24 minutes ago                        cont_2022053002
6a520507af50   ubuntu                   "/bin/bash"              49 minutes ago   Exited (0) 26 minutes ago                        cont_2022053001
a89f7b5ce8a0   d2e4e1f51132             "bash"                   56 minutes ago   Created                                          lucid_kapitsa
4c7e8443d582   ubuntu:20.04             "/bin/echo Hello-wor…"   3 hours ago      Exited (0) 3 hours ago                           elegant_mestorf
970719f15bdd   d2e4e1f51132             "bash"                   5 hours ago      Exited (0) 5 hours ago                           hopeful_mclean
3364f0630c9f   docker/getting-started   "/docker-entrypoint.…"   3 days ago       Up 3 hours                  0.0.0.0:80->80/tcp   brave_raman
PS C:\DockerTest> docker run -it --name "cont_2022053002" 53df61775e88 /bin/bash
docker: Error response from daemon: Conflict. The container name "/cont_2022053002" is already in use by container "ed4783cfa9ecc3855323ff41e1216fb1a188c0fa8bb4528e3c1eb651f13fc61a". You have to remove (or rename) that container to be able to reuse that name.
See 'docker run --help'.
PS C:\DockerTest> docker images
REPOSITORY               TAG                  IMAGE ID       CREATED       SIZE
s390x-20220527           s390x-tag-20220527   458f29d9bf0c   3 days ago    938MB
image_20220526           tag_20200526         7ea4c407b27f   4 days ago    1.33GB
ubuntu                   latest               d2e4e1f51132   4 weeks ago   77.8MB
ubuntu                   20.04                53df61775e88   4 weeks ago   72.8MB
docker/getting-started   latest               cb90f98fd791   6 weeks ago   28.8MB
PS C:\DockerTest> docker save -o Ubuntu_20.04LTS_saved.tar 53df61775e88
PS C:\DockerTest> ls


    ディレクトリ: C:\DockerTest


Mode                 LastWriteTime         Length Name
----                 -------------         ------ ----
-a----        2022/05/26     16:05      583473625 ubuntu-20.04-server-cloudimg-amd64-azure.vhd.tar.gz
-a----        2022/05/26     16:06      328165380 ubuntu-20.04-server-cloudimg-s390x-root.tar.xz
-a----        2022/05/26     15:19         258178 ubuntu-20.04.4-desktop-amd64.iso.torrent
-a----        2022/05/25     17:36     1331691520 ubuntu-20.04.4-live-server-amd64.iso
-a----        2022/05/25     17:47     1331693056 ubuntu-20.04.4-live-server-amd64.iso.tar
-a----        2022/05/27     12:08       27739922 ubuntu-base-20.04.1-base-amd64.tar.gz
-a----        2022/05/30     15:19       75147264 Ubuntu_20.04LTS_saved.tar
-a----        2022/05/30      9:52       80344064 ubuntu_saved.tar


PS C:\DockerTest> docker rmi 53df61775e88
Error response from daemon: conflict: unable to delete 53df61775e88 (must be forced) - image is being used by stopped container 4c7e8443d582
PS C:\DockerTest> docker stop 4c7e8443d582
4c7e8443d582
PS C:\DockerTest> docker rmi 53df61775e88
Error response from daemon: conflict: unable to delete 53df61775e88 (must be forced) - image is being used by stopped container 4c7e8443d582
PS C:\DockerTest> docker rmi -f 53df61775e88
Untagged: ubuntu:20.04
Untagged: ubuntu@sha256:47f14534bda344d9fe6ffd6effb95eefe579f4be0d508b7445cf77f61a0e5724
Deleted: sha256:53df61775e8856a464ca52d4cd9eabbf4eb3ceedbde5afecc57e417e7b7155d5
PS C:\DockerTest> docker images
REPOSITORY               TAG                  IMAGE ID       CREATED       SIZE
s390x-20220527           s390x-tag-20220527   458f29d9bf0c   3 days ago    938MB
image_20220526           tag_20200526         7ea4c407b27f   4 days ago    1.33GB
ubuntu                   latest               d2e4e1f51132   4 weeks ago   77.8MB
docker/getting-started   latest               cb90f98fd791   6 weeks ago   28.8MB
PS C:\DockerTest> docker load -i .\Ubuntu_20.04LTS_saved.tar
Loaded image ID: sha256:53df61775e8856a464ca52d4cd9eabbf4eb3ceedbde5afecc57e417e7b7155d5
PS C:\DockerTest> docker images
REPOSITORY               TAG                  IMAGE ID       CREATED       SIZE
s390x-20220527           s390x-tag-20220527   458f29d9bf0c   3 days ago    938MB
image_20220526           tag_20200526         7ea4c407b27f   4 days ago    1.33GB
ubuntu                   latest               d2e4e1f51132   4 weeks ago   77.8MB
<none>                   <none>               53df61775e88   4 weeks ago   72.8MB
docker/getting-started   latest               cb90f98fd791   6 weeks ago   28.8MB
PS C:\DockerTest> docker run -it --name "cont_2022053003" 53df61775e88 /bin/bash
root@dbabb6a2589b:/# cat /etc/os-release
NAME="Ubuntu"
VERSION="20.04.4 LTS (Focal Fossa)"
ID=ubuntu
ID_LIKE=debian
PRETTY_NAME="Ubuntu 20.04.4 LTS"
VERSION_ID="20.04"
HOME_URL="https://www.ubuntu.com/"
SUPPORT_URL="https://help.ubuntu.com/"
BUG_REPORT_URL="https://bugs.launchpad.net/ubuntu/"
PRIVACY_POLICY_URL="https://www.ubuntu.com/legal/terms-and-policies/privacy-policy"
VERSION_CODENAME=focal
UBUNTU_CODENAME=focal
root@dbabb6a2589b:/#

20220531 ？

2022060102

 9 docker start -i dbabb6a2589b
  10 cd /mnt/c
  11 docker cp
  12 docker cp C:\DockerTest\python root@dbabb6a2589b:/mnt
  13 docker cp C:\DockerTest\python dbabb6a2589b:/mnt
  14 docker start -i dbabb6a2589b

Python-3.9.10/setup.py
root@dbabb6a2589b:/mnt/python# ls
Python-3.9.10  Python-3.9.10.tar.xz  Python-3.9.10.tgz
root@dbabb6a2589b:/mnt/python# cd Python-3.9.10
root@dbabb6a2589b:/mnt/python/Python-3.9.10# make install
bash: make: command not found
root@dbabb6a2589b:/mnt/python/Python-3.9.10# python
bash: python: command not found
root@dbabb6a2589b:/mnt/python/Python-3.9.10# python3
bash: python3: command not found
root@dbabb6a2589b:/mnt/python/Python-3.9.10# history
    1  cat /etc/os-release
    2  exit
    3  ls
    4  cat /etc/os-release
    5  exit
    6  ls
    7  exit
    8  python -v
    9  python
   10  ls
   11  cd /mnt
   12  cd /c
   13  ls
   14  ll
   15  touch test.txt
   16  ls
   17  pwd
   18  exit
   19  ls /mnt
   20  cd /mnt
   21  cd python
   22  ls
   23  python
   24  dpkg -i Python-3.9.10.tgz
   25  dpkg -i Python-3.9.10.tar.xz
   26  ll
   27  tar -zxvf Python-3.9.10.tgz
   28  ls
   29  cd Python-3.9.10
   30  make install
   31  python
   32  python3
   33  history
root@dbabb6a2589b:/mnt/python/Python-3.9.10#


20220602
Python-3.9.10/Doc/library/tkinter.rst
Python-3.9.10/Doc/library/symtable.rst

※中略

Python-3.9.10/Lib/doctest.py
Python-3.9.10/Lib/sndhdr.py
Python-3.9.10/README.rst
Python-3.9.10/configure
Python-3.9.10/.editorconfig
Python-3.9.10/CODE_OF_CONDUCT.md
Python-3.9.10/setup.py
root@dbabb6a2589b:/mnt/python# ls
Python-3.9.10  Python-3.9.10.tar.xz  Python-3.9.10.tgz
root@dbabb6a2589b:/mnt/python# cd Python-3.9.10
root@dbabb6a2589b:/mnt/python/Python-3.9.10# make install
bash: make: command not found
root@dbabb6a2589b:/mnt/python/Python-3.9.10# python
bash: python: command not found
root@dbabb6a2589b:/mnt/python/Python-3.9.10# python3
bash: python3: command not found
root@dbabb6a2589b:/mnt/python/Python-3.9.10# history
    1  cat /etc/os-release
    2  exit
    3  ls
    4  cat /etc/os-release
    5  exit
    6  ls
    8  python -v
   10  ls
   11  cd /mnt
   12  cd /c
   13  ls
   14  ll
   15  touch test.txt
   16  ls
   17  pwd
   18  exit
   19  ls /mnt
   20  cd /mnt
   21  cd python
   22  ls
   23  python
   24  dpkg -i Python-3.9.10.tgz
   25  dpkg -i Python-3.9.10.tar.xz
   26  ll
   27  tar -zxvf Python-3.9.10.tgz
   28  ls
   31  python
   32  python3
   33  history
root@dbabb6a2589b:/mnt/python/Python-3.9.10# exit
exit
PS C:\Windows\system32> history

  Id CommandLine
  -- -----------
   1 docker start -i dbabb6a2589b
   2 docker start -i dbabb6a2589b
   3 docker ps -a
   4 docker ps
   5 docker start -i dbabb6a2589b
   6 wsl -l -v
   7 wsl --set-default-version 2
   8 wsl -l -v
   9 docker start -i dbabb6a2589b
  10 cd /mnt/c
  11 docker cp
  12 docker cp C:\DockerTest\python root@dbabb6a2589b:/mnt
  13 docker cp C:\DockerTest\python dbabb6a2589b:/mnt
  14 docker start -i dbabb6a2589b


PS C:\Windows\system32> docker cp C:\DockerTest\python\tools dbabb6a2589b:/mnt
CreateFile C:\DockerTest\python\tools: The system cannot find the file specified.
PS C:\Windows\system32> docker start -i dbabb6a2589b
root@dbabb6a2589b:/# cd /mnt
root@dbabb6a2589b:/mnt# ls
python  test.txt
root@dbabb6a2589b:/mnt# cd python/
root@dbabb6a2589b:/mnt/python# ls
Python-3.9.10  Python-3.9.10.tar.xz  Python-3.9.10.tgz
root@dbabb6a2589b:/mnt/python# cd ..
root@dbabb6a2589b:/mnt# mkdir tools
root@dbabb6a2589b:/mnt# ls
python  test.txt  tools
root@dbabb6a2589b:/mnt# ll
total 16
drwxr-xr-x 1 root root 4096 Jun  2 02:12 ./
drwxr-xr-x 1 root root 4096 Jun  1 09:12 ../
drwxr-xr-x 3 root root 4096 Jun  1 09:19 python/
-rw-r--r-- 1 root root    0 Jun  1 09:02 test.txt
drwxr-xr-x 2 root root 4096 Jun  2 02:12 tools/
root@dbabb6a2589b:/mnt# exit
exit
PS C:\Windows\system32> docker cp C:\DockerTest\tools dbabb6a2589b:/mnt
PS C:\Windows\system32> docker start -i dbabb6a2589b
root@dbabb6a2589b:/mnt/tools# ls
make_4.2.1-1.2_amd64.deb
root@dbabb6a2589b:/mnt/tools# dpkg -i make_4.2.1-1.2_amd64.deb
Selecting previously unselected package make.
(Reading database ... 4127 files and directories currently installed.)
Preparing to unpack make_4.2.1-1.2_amd64.deb ...
Unpacking make (4.2.1-1.2) ...
Setting up make (4.2.1-1.2) ...
root@dbabb6a2589b:/mnt/tools# make
make: *** No targets specified and no makefile found.  Stop.
root@dbabb6a2589b:/mnt/tools# cd ..
root@dbabb6a2589b:/mnt# cd python
root@dbabb6a2589b:/mnt/python# ls
Python-3.9.10  Python-3.9.10.tar.xz  Python-3.9.10.tgz
root@dbabb6a2589b:/mnt/python# cd Python-3.9.10
root@dbabb6a2589b:/mnt/python/Python-3.9.10# make install
make: *** No rule to make target 'install'.  Stop.
root@dbabb6a2589b:/mnt/python/Python-3.9.10# make
bash: umake: command not found
root@dbabb6a2589b:/mnt/python/Python-3.9.10# make -version
GNU Make 4.2.1
Built for x86_64-pc-linux-gnu
Copyright (C) 1988-2016 Free Software Foundation, Inc.
License GPLv3+: GNU GPL version 3 or later <http://gnu.org/licenses/gpl.html>
This is free software: you are free to change and redistribute it.
There is NO WARRANTY, to the extent permitted by law.
root@dbabb6a2589b:/mnt/python/Python-3.9.10# ./configure
checking build system type... x86_64-pc-linux-gnu
checking host system type... x86_64-pc-linux-gnu
checking for python3.9... no
checking for python3... no
checking for python... no
checking for --enable-universalsdk... no
checking for --with-universal-archs... no
checking MACHDEP... "linux"
checking for gcc... no
checking for cc... no
checking for cl.exe... no
configure: error: in `/mnt/python/Python-3.9.10':
configure: error: no acceptable C compiler found in $PATH
See `config.log' for more details
root@dbabb6a2589b:/mnt/python/Python-3.9.10# make
make: *** No targets specified and no makefile found.  Stop.
PS C:\Windows\system32> docker cp C:\DockerTest\tools dbabb6a2589b:/mnt
PS C:\Windows\system32> docker start -i dbabb6a2589b
root@dbabb6a2589b:/# cd /mnt/tools/
root@dbabb6a2589b:/mnt/tools# dpkg -i gcc_9.3.0-1ubuntu2_amd64.deb
Selecting previously unselected package gcc.
(Reading database ... 4143 files and directories currently installed.)
Preparing to unpack gcc_9.3.0-1ubuntu2_amd64.deb ...
Unpacking gcc (4:9.3.0-1ubuntu2) ...
dpkg: dependency problems prevent configuration of gcc:
 gcc depends on gcc-9 (>= 9.3.0-3~); however:
  Package gcc-9 is not installed.

dpkg: error processing package gcc (--install):
 dependency problems - leaving unconfigured
Errors were encountered while processing:
 gcc
root@dbabb6a2589b:/mnt/tools# exit
exit
PS C:\Windows\system32> docker cp C:\DockerTest\tools dbabb6a2589b:/mnt
root@dbabb6a2589b:/# ls
bin  boot  dev  etc  home  lib  lib32  lib64  libx32  media  mnt  opt  proc  root  run  sbin  srv  sys  tmp  usr  var
root@dbabb6a2589b:/# cd /mnt/tools
root@dbabb6a2589b:/mnt/tools# ls
cpp_9.3.0-1ubuntu2_amd64.deb  gcc-9_9.3.0-10ubuntu2_amd64.deb  gcc_9.3.0-1ubuntu2_amd64.deb  make_4.2.1-1.2_amd64.deb
root@dbabb6a2589b:/mnt/tools# dpkg -i cpp_9.3.0-1ubuntu2_amd64.deb
(Reading database ... 4180 files and directories currently installed.)
Preparing to unpack cpp_9.3.0-1ubuntu2_amd64.deb ...
Unpacking cpp (4:9.3.0-1ubuntu2) ...
dpkg: dependency problems prevent configuration of cpp:
 cpp depends on cpp-9 (>= 9.3.0-3~); however:
  Package cpp-9 is not installed.

dpkg: error processing package cpp (--install):
 dependency problems - leaving unconfigured
Errors were encountered while processing:
 cpp
root@dbabb6a2589b:/mnt/tools# cd ..
root@dbabb6a2589b:/mnt# mkdir dockerfiletest
root@dbabb6a2589b:/mnt# cd dockerfiletest/
root@dbabb6a2589b:/mnt/dockerfiletest# vi Dockerfile
bash: vi: command not found
root@dbabb6a2589b:/mnt/dockerfiletest# exit
exit
PS C:\Windows\system32> docker cp C:\DockerTest\dockerfiletest dbabb6a2589b:/mnt
PS C:\Windows\system32> docker start -i dbabb6a2589b
root@dbabb6a2589b:/# cd /mnt/dockerfiletest/
root@dbabb6a2589b:/mnt/dockerfiletest# ls
Dockerfile
root@dbabb6a2589b:/mnt/dockerfiletest# docker build ubuntu20.04-file:20220601
bash: docker: command not found
root@dbabb6a2589b:/mnt/dockerfiletest# docker -v
bash: docker: command not found
root@dbabb6a2589b:/mnt/dockerfiletest# exit
exit
PS C:\Windows\system32> cd C:\DockerTest\dockerfiletest
PS C:\DockerTest\dockerfiletest> ls


    ディレクトリ: C:\DockerTest\dockerfiletest


Mode                 LastWriteTime         Length Name
----                 -------------         ------ ----


"docker build" requires exactly 1 argument.
See 'docker build --help'.


Build an image from a Dockerfile
PS C:\DockerTest\dockerfiletest> docker build --help
Usage:  docker build [OPTIONS] PATH | URL | -

Build an image from a Dockerfile

Options:
      --add-host list           Add a custom host-to-IP mapping (host:ip)
      --build-arg list          Set build-time variables
      --cache-from strings      Images to consider as cache sources
      --disable-content-trust   Skip image verification (default true)
  -f, --file string             Name of the Dockerfile (Default is
                                'PATH/Dockerfile')
      --iidfile string          Write the image ID to the file
      --isolation string        Container isolation technology
      --label list              Set metadata for an image
      --network string          Set the networking mode for the RUN
                                instructions during build (default "default")
      --no-cache                Do not use cache when building the image
  -o, --output stringArray      Output destination (format:
                                type=local,dest=path)
      --platform string         Set platform if server is multi-platform
                                capable
      --progress string         Set type of progress output (auto, plain,
                                tty). Use plain to show container output
                                (default "auto")
      --pull                    Always attempt to pull a newer version of
                                the image
  -q, --quiet                   Suppress the build output and print image
                                ID on success
      --secret stringArray      Secret file to expose to the build (only
                                if BuildKit enabled):
                                id=mysecret,src=/local/secret
      --ssh stringArray         SSH agent socket or keys to expose to the
                                build (only if BuildKit enabled) (format:
                                default|<id>[=<socket>|<key>[,<key>]])
  -t, --tag list                Name and optionally a tag in the
                                'name:tag' format
      --target string           Set the target build stage to build.
PS C:\DockerTest\dockerfiletest> docker build -t . ubuntu20.04-file:20220601
invalid argument "." for "-t, --tag" flag: invalid reference format

2022060202
PS C:\DockerTest\dockerfiletest> cat .\Dockerfile
FROM ubuntu:20.04

#RUN apt-get update
RUN apt install python

CMD ["/bin/bash"]
PS C:\DockerTest\dockerfiletest> docker build -t ubuntu20.04-file:20220601 .
[+] Building 3.6s (6/6) FINISHED
 => [internal] load build definition from Dockerfile                                                               0.0s
 => => transferring dockerfile: 122B                                                                               0.0s
 => [internal] load .dockerignore                                                                                  0.0s
 => => transferring context: 2B                                                                                    0.0s
 => [internal] load metadata for docker.io/library/ubuntu:20.04                                                    3.0s
 => [auth] library/ubuntu:pull token for registry-1.docker.io                                                      0.0s
 => CACHED [1/2] FROM docker.io/library/ubuntu:20.04@sha256:47f14534bda344d9fe6ffd6effb95eefe579f4be0d508b7445cf7  0.0s
 => ERROR [2/2] RUN apt install python                                                                             0.5s
------
 > [2/2] RUN apt install python:
#6 0.454
#6 0.454 WARNING: apt does not have a stable CLI interface. Use with caution in scripts.
#6 0.454
#6 0.463 Reading package lists...
#6 0.486 Building dependency tree...
#6 0.487 Reading state information...
#6 0.489 E: Unable to locate package python
------
executor failed running [/bin/sh -c apt install python]: exit code: 100
PS C:\DockerTest\dockerfiletest> cat .\Dockerfile
FROM ubuntu:20.04

#RUN apt-get update
RUN apt install python

CMD ["/bin/bash"]
PS C:\DockerTest\dockerfiletest> cd ..


    ディレクトリ: C:\DockerTest


Mode                 LastWriteTime         Length Name
----                 -------------         ------ ----


PS C:\DockerTest> cd .\dockerfiletest2
PS C:\DockerTest\dockerfiletest2> docker build -t python3-file:20220601 .
[+] Building 79.8s (6/6) FINISHED
 => [internal] load build definition from Dockerfile                                                               0.0s
 => => transferring dockerfile: 76B                                                                                0.0s
 => [internal] load .dockerignore                                                                                  0.0s
 => => transferring context: 2B                                                                                    0.0s
 => [internal] load metadata for docker.io/library/python:3.9.10                                                   4.1s
 => [auth] library/python:pull token for registry-1.docker.io                                                      0.0s
 => [1/1] FROM docker.io/library/python:3.9.10@sha256:3aae21920963df3205fba69826cc07fcf2fad91f9e062add921766b36e  74.8s
 => => resolve docker.io/library/python:3.9.10@sha256:3aae21920963df3205fba69826cc07fcf2fad91f9e062add921766b36e8  0.0s
 => => sha256:3aae21920963df3205fba69826cc07fcf2fad91f9e062add921766b36e89e6e8 2.35kB / 2.35kB                     0.0s
 => => sha256:716d7c7b7a80681bf86fe37bfa585311336dbd7727a959efcddc169709cb2a80 8.54kB / 8.54kB                     0.0s
 => => sha256:ff5b10aec998344606441aec43a335ab6326f32aae331aab27da16a6bb4ec2be 10.87MB / 10.87MB                   3.5s
 => => sha256:f02ca062c296a4dfa35aed780817689f5c2cda469e1b349968713cf272a1b3a0 2.22kB / 2.22kB                     0.0s
 => => sha256:e4d61adff2077d048c6372d73c41b0bd68f525ad41f5530af05098a876683055 54.92MB / 54.92MB                  14.1s
 => => sha256:4ff1945c672b08a1791df62afaaf8aff14d3047155365f9c3646902937f7ffe6 5.15MB / 5.15MB                     2.0s
 => => sha256:12de8c754e45686ace9e25d11bee372b070eed5b5ab20aa3b4fab8c936496d02 54.58MB / 54.58MB                  16.7s
 => => sha256:ada1762e76024dd216336649249fc2470257acc5af277bae3c71710382df345f 196.52MB / 196.52MB                29.3s
 => => sha256:2f2b2e030155d32fbf69b4feeced1877ce0e3f21b5f27b98eb080c3ef01a70df 6.29MB / 6.29MB                    16.4s
 => => extracting sha256:e4d61adff2077d048c6372d73c41b0bd68f525ad41f5530af05098a876683055                         15.1s
 => => sha256:f6027d367705c99099e7884a7d6b36efa0bccd833701feaa66d36d55c0cb46b1 17.75MB / 17.75MB                  19.6s
 => => sha256:5d0ddbf568b3ae1e9686605a95a104d96d655f18c3096e87bc23a7e4d35afa86 236B / 236B                        17.2s
 => => sha256:5e55ba18a2089ef984cf68639e24e0699c2f0e06229e5c986f99f518e13a0079 2.34MB / 2.34MB                    18.3s
 => => extracting sha256:4ff1945c672b08a1791df62afaaf8aff14d3047155365f9c3646902937f7ffe6                          0.4s
 => => extracting sha256:ff5b10aec998344606441aec43a335ab6326f32aae331aab27da16a6bb4ec2be                          0.5s
 => => extracting sha256:12de8c754e45686ace9e25d11bee372b070eed5b5ab20aa3b4fab8c936496d02                          5.1s
 => => extracting sha256:2f2b2e030155d32fbf69b4feeced1877ce0e3f21b5f27b98eb080c3ef01a70df                          0.6s
 => => extracting sha256:f6027d367705c99099e7884a7d6b36efa0bccd833701feaa66d36d55c0cb46b1                          2.2s
 => => extracting sha256:5d0ddbf568b3ae1e9686605a95a104d96d655f18c3096e87bc23a7e4d35afa86                          0.0s
 => => extracting sha256:5e55ba18a2089ef984cf68639e24e0699c2f0e06229e5c986f99f518e13a0079                          0.6s
 => exporting to image                                                                                             0.3s
 => => exporting layers                                                                                            0.0s
 => => writing image sha256:1f4a8da6ebdf373250e92f0975719d3f9bb62805beb068bee0b0c20e354ad1c0                       0.0s
 => => naming to docker.io/library/python3-file:20220601                                                           0.0s

Use 'docker scan' to run Snyk tests against images to find vulnerabilities and learn how to fix them
PS C:\DockerTest\dockerfiletest2> docker images
REPOSITORY                TAG                  IMAGE ID       CREATED        SIZE
s390x-20220527            s390x-tag-20220527   458f29d9bf0c   6 days ago     938MB
image_20220526            tag_20200526         7ea4c407b27f   7 days ago     1.33GB
ubuntu                    latest               d2e4e1f51132   4 weeks ago    77.8MB
ubuntu20.04lts_20220530   20.04_20220530       53df61775e88   4 weeks ago    72.8MB
docker/getting-started    latest               cb90f98fd791   7 weeks ago    28.8MB
python3-file              20220601             1f4a8da6ebdf   2 months ago   912MB
PS C:\DockerTest\dockerfiletest2> docker run -it --name "pycont_20220602" 1f4a8da6ebdf /bin/bash
root@2d941c5b9ca4:/# python -V
Python 3.9.10
root@2d941c5b9ca4:/# python
Python 3.9.10 (main, Mar  2 2022, 04:23:34)
[GCC 10.2.1 20210110] on linux
Type "help", "copyright", "credits" or "license" for more information.
>>> 1+1
2
>>>
KeyboardInterrupt
>>> exit
Use exit() or Ctrl-D (i.e. EOF) to exit
>>> exit()
root@2d941c5b9ca4:/# pwd
/
root@2d941c5b9ca4:/# ls
bin  boot  dev  etc  home  lib  lib64  media  mnt  opt  proc  root  run  sbin  srv  sys  tmp  usr  var
root@2d941c5b9ca4:/# cat /etc/os-release
PRETTY_NAME="Debian GNU/Linux 11 (bullseye)"
NAME="Debian GNU/Linux"
VERSION_ID="11"
VERSION="11 (bullseye)"
VERSION_CODENAME=bullseye
ID=debian
HOME_URL="https://www.debian.org/"
SUPPORT_URL="https://www.debian.org/support"
BUG_REPORT_URL="https://bugs.debian.org/"
root@2d941c5b9ca4:/# exit
exit
PS C:\DockerTest\dockerfiletest2> cat .\Dockerfile
FROM python:3.9.10

CMD ["/bin/bash"]
PS C:\DockerTest\dockerfiletest2>


2022060601

PS C:\DockerTest\dockerfiletest2> ls


    ディレクトリ: C:\DockerTest\dockerfiletest2


Mode                 LastWriteTime         Length Name
----                 -------------         ------ ----
-a----        2022/06/02     15:06             39 Dockerfile


PS C:\DockerTest\dockerfiletest2> docker run -it --name "pycont_20220602" 1f4a8da6ebdf /bin/bash
1c5b9ca47e4fee37f62e2b873c1c369f5327f8a6d8bd2212afdbe493feb7". You have to remove (or rename) that container to be able to reuse that name.
See 'docker run --help'.
PS C:\DockerTest\dockerfiletest2> docker start -i pycont_20220602
root@2d941c5b9ca4:/# cd /mnt
root@2d941c5b9ca4:/mnt# ls
root@2d941c5b9ca4:/mnt# ll
bash: ll: command not found
root@2d941c5b9ca4:/mnt# cd ..
root@2d941c5b9ca4:/# ls
bin  boot  dev  etc  home  lib  lib64  media  mnt  opt  proc  root  run  sbin  srv  sys  tmp  usr  var
PS C:\DockerTest\dockerfiletest2> docker cp C:\DockerTest\dockerfiletest2 dbabb6a2589b:/home/usr
PS C:\DockerTest\dockerfiletest2> docker start -i pycont_20220602
root@2d941c5b9ca4:/# cd /home/usr
bash: cd: /home/usr: No such file or directory
root@2d941c5b9ca4:/# cd /home
root@2d941c5b9ca4:/home# exit
exit
PS C:\DockerTest\dockerfiletest2> docker cp C:\DockerTest\dockerfiletest2 dbabb6a2589b:/home/user
PS C:\DockerTest\dockerfiletest2> docker start -i pycont_20220602
root@2d941c5b9ca4:/# cd /home/user
root@2d941c5b9ca4:/home/user# ls
root@2d941c5b9ca4:/home/user# ll
bash: ll: command not found
root@2d941c5b9ca4:/home/user# exit
exit
PS C:\DockerTest\dockerfiletest2> docker cp C:\DockerTest\dockerfiletest2 2d941c5b9ca4:/home/user
PS C:\DockerTest\dockerfiletest2> docker start -i pycont_20220602
root@2d941c5b9ca4:/# cd /home/user
root@2d941c5b9ca4:/home/user# ls
dockerfiletest2
root@2d941c5b9ca4:/home/user# ll
root@2d941c5b9ca4:/home/user# ls -a
.  ..  dockerfiletest2
root@2d941c5b9ca4:/home/user# cd ..
root@2d941c5b9ca4:/home# chmod 777 user
root@2d941c5b9ca4:/home# cd user/
root@2d941c5b9ca4:/home/user# ls
dockerfiletest2
root@2d941c5b9ca4:/home/user# ll
bash: ll: command not found
root@2d941c5b9ca4:/home/user# exit
exit
PS C:\DockerTest\dockerfiletest2> dir




Mode                 LastWriteTime         Length Name
----                 -------------         ------ ----
-a----        2022/06/02     15:06             39 Dockerfile
-a----        2022/06/06     10:00        1233917 Graphillion-1.5.tar.gz


PS C:\DockerTest\dockerfiletest2> docker cp C:\DockerTest\dockerfiletest2 2d941c5b9ca4:/home/user
PS C:\DockerTest\dockerfiletest2> docker start -i pycont_20220602
root@2d941c5b9ca4:/# cd /home/user
root@2d941c5b9ca4:/home/user# ls
dockerfiletest2
root@2d941c5b9ca4:/home/user# exit
exit
PS C:\DockerTest\dockerfiletest3> docker build -t python3-file2:20220606 .
[+] Building 11.9s (6/6) FINISHED
 => [internal] load build definition from Dockerfile                                                               0.1s
 => => transferring dockerfile: 121B                                                                               0.0s
 => [internal] load .dockerignore                                                                                  0.1s
 => => transferring context: 2B                                                                                    0.0s
 => [internal] load metadata for docker.io/library/python:3.9.10                                                   5.0s
 => [auth] library/python:pull token for registry-1.docker.io                                                      0.0s
 => ERROR [2/2] RUN python -m pip install graphillion:1.5                                                          6.6s
------
 > [2/2] RUN python -m pip install graphillion:1.5:
#5 5.990 ERROR: Invalid requirement: 'graphillion:1.5'
#5 6.382 You should consider upgrading via the '/usr/local/bin/python -m pip install --upgrade pip' command.
------
executor failed running [/bin/sh -c python -m pip install graphillion:1.5]: exit code: 1
PS C:\DockerTest\dockerfiletest3> docker build -t python3-file2:20220606 .
[+] Building 11.9s (6/6) FINISHED
 => [internal] load build definition from Dockerfile                                                               0.0s
 => => transferring dockerfile: 179B                                                                               0.0s
 => [internal] load .dockerignore                                                                                  0.0s
 => => transferring context: 2B                                                                                    0.0s
 => [internal] load metadata for docker.io/library/python:3.9.10                                                   1.9s
 => CACHED [1/3] FROM docker.io/library/python:3.9.10@sha256:3aae21920963df3205fba69826cc07fcf2fad91f9e062add9217  0.0s
 => [2/3] RUN /usr/local/bin/python -m pip install --upgrade pip                                                   8.2s
 => ERROR [3/3] RUN python -m pip install graphillion:1.5                                                          1.6s
------
 > [3/3] RUN python -m pip install graphillion:1.5:
#6 1.390 ERROR: Invalid requirement: 'graphillion:1.5'
------
executor failed running [/bin/sh -c python -m pip install graphillion:1.5]: exit code: 1
PS C:\DockerTest\dockerfiletest3> docker build -t python3-file2:20220606 .
[+] Building 72.1s (7/7) FINISHED
 => => transferring dockerfile: 175B                                                                               0.0s
 => [internal] load .dockerignore                                                                                  0.0s
 => => transferring context: 2B                                                                                    0.0s
 => [internal] load metadata for docker.io/library/python:3.9.10                                                   1.9s
 => [1/3] FROM docker.io/library/python:3.9.10@sha256:3aae21920963df3205fba69826cc07fcf2fad91f9e062add921766b36e8  0.0s
 => CACHED [2/3] RUN /usr/local/bin/python -m pip install --upgrade pip                                            0.0s
 => [3/3] RUN python -m pip install graphillion                                                                   69.2s
 => exporting to image                                                                                             0.8s
 => => exporting layers                                                                                            0.8s
 => => writing image sha256:6aca31d6786438881faf978ad579c26aa9cdadb953ba3b2baaf52e293c4e7734                       0.0s
 => => naming to docker.io/library/python3-file2:20220606                                                          0.0s

Use 'docker scan' to run Snyk tests against images to find vulnerabilities and learn how to fix them
PS C:\DockerTest\dockerfiletest3> docker images
REPOSITORY                TAG                  IMAGE ID       CREATED          SIZE
python3-file2             20220606             6aca31d67864   45 seconds ago   948MB
s390x-20220527            s390x-tag-20220527   458f29d9bf0c   10 days ago      938MB
image_20220526            tag_20200526         7ea4c407b27f   11 days ago      1.33GB
ubuntu                    latest               d2e4e1f51132   5 weeks ago      77.8MB
ubuntu20.04lts_20220530   20.04_20220530       53df61775e88   5 weeks ago      72.8MB
docker/getting-started    latest               cb90f98fd791   7 weeks ago      28.8MB
python3-file              20220601             1f4a8da6ebdf   2 months ago     912MB
PS C:\DockerTest\dockerfiletest3> docker run -it --name "py_gra_cont_20220606" python3-file2 /bin/bash
Unable to find image 'python3-file2:latest' locally
docker: Error response from daemon: pull access denied for python3-file2, repository does not exist or may require 'docker login': denied: requested access to the resource is denied.
See 'docker run --help'.
PS C:\DockerTest\dockerfiletest3> docker run -it --name "py_gra_cont_20220606" 6aca31d67864 /bin/bash
root@022032889d94:/# pytho3 -V
bash: pytho3: command not found
root@022032889d94:/# python3 -V
Python 3.9.10
root@022032889d94:/# graphillion -V
bash: graphillion: command not found
root@022032889d94:/# graphillion
bash: graphillion: command not found
root@022032889d94:/# pip list
Package     Version
----------- -------
future      0.18.2
Graphillion 1.5
pip         22.1.2
setuptools  58.1.0
wheel       0.37.1
root@022032889d94:/# cd /home/user
bash: cd: /home/user: No such file or directory
root@022032889d94:/# exit
exit
PS C:\DockerTest\dockerfiletest3> ls


    ディレクトリ: C:\DockerTest\dockerfiletest3


Mode                 LastWriteTime         Length Name
----                 -------------         ------ ----
-a----        2022/06/06     10:36            136 Dockerfile
-a----        2022/06/06     10:00        1233917 Graphillion-1.5.tar.gz


PS C:\DockerTest\dockerfiletest3>

2022060701
PS C:\DockerTest\dockerfiletest4> docker build -t python3-file4:2022060604 .
[+] Building 120.0s (10/19)
 => [internal] load build definition from Dockerfile                                                               0.1s
 => => transferring dockerfile: 611B                                                                               0.0s
 => [internal] load .dockerignore                                                                                  0.1s
 => => transferring context: 2B                                                                                    0.0s
 => [internal] load metadata for docker.io/library/python:3.9.10                                                   4.5s
 => [auth] library/python:pull token for registry-1.docker.io                                                      0.0s
 => [ 1/15] FROM docker.io/library/python:3.9.10@sha256:3aae21920963df3205fba69826cc07fcf2fad91f9e062add921766b36  0.0s
 => [ 3/15] RUN python -m pip install networkx                                                                     9.1s
 => [ 4/15] RUN python -m pip install matplotlib                                                                  19.5s
 => [ 5/15] RUN python -m pip install graphillion                                                                 84.3s
 => ERROR [ 6/15] RUN python -m pip install cyler                                                                  2.2s
------
 > [ 6/15] RUN python -m pip install cyler:
#10 1.975 ERROR: Could not find a version that satisfies the requirement cyler (from versions: none)
#10 1.976 ERROR: No matching distribution found for cyler
------
executor failed running [/bin/sh -c python -m pip install cyler]: exit code: 1
PS C:\DockerTest\dockerfiletest4> docker build -t python3-file4:2022060604 .
[+] Building 179.0s (19/19) FINISHED
 => [internal] load build definition from Dockerfile                                                               0.3s
 => => transferring dockerfile: 612B                                                                               0.0s
 => [internal] load .dockerignore                                                                                  0.4s
 => => transferring context: 2B                                                                                    0.0s
 => [internal] load metadata for docker.io/library/python:3.9.10                                                   2.5s
 => [ 1/15] FROM docker.io/library/python:3.9.10@sha256:3aae21920963df3205fba69826cc07fcf2fad91f9e062add921766b36  0.0s
 => CACHED [ 2/15] RUN /usr/local/bin/python -m pip install --upgrade pip                                          0.0s
 => [ 3/15] RUN python -m pip install cycler                                                                       2.7s
 => [ 4/15] RUN python -m pip install future                                                                       5.8s
 => [ 5/15] RUN python -m pip install kiwisolver                                                                   3.1s
 => [ 6/15] RUN python -m pip install numpy                                                                       14.9s
 => [ 7/15] RUN python -m pip install packaging                                                                    5.3s
 => [ 8/15] RUN python -m pip install Pillow                                                                       5.3s
 => [ 9/15] RUN python -m pip install pyparsing                                                                    2.3s
 => [10/15] RUN python -m pip install python-dateutil                                                              3.2s
 => [11/15] RUN python -m pip install setuptools                                                                   2.4s
 => [12/15] RUN python -m pip install six                                                                          2.4s
 => [13/15] RUN python -m pip install networkx                                                                     5.6s
 => [14/15] RUN python -m pip install matplotlib                                                                  16.5s
 => [15/15] RUN python -m pip install graphillion                                                                 98.3s
 => exporting to image                                                                                             6.8s
 => => exporting layers                                                                                            6.3s
 => => writing image sha256:6a572cff54ffd2f7987cf7b3925a1a1c61db0556a2b1632fa7c1f3c2447cfa37                       0.0s
 => => naming to docker.io/library/python3-file4:2022060604                                                        0.0s

Use 'docker scan' to run Snyk tests against images to find vulnerabilities and learn how to fix them
PS C:\DockerTest\dockerfiletest4> docker images
REPOSITORY                TAG                  IMAGE ID       CREATED          SIZE
python3-file4             2022060604           6a572cff54ff   38 seconds ago   1.13GB
python3-file2             20220606             6aca31d67864   4 hours ago      948MB
s390x-20220527            s390x-tag-20220527   458f29d9bf0c   10 days ago      938MB
ubuntu20.04lts_20220530   20.04_20220530       53df61775e88   5 weeks ago      72.8MB
docker/getting-started    latest               cb90f98fd791   7 weeks ago      28.8MB
python3-file              20220601             1f4a8da6ebdf   2 months ago     912MB
PS C:\DockerTest\dockerfiletest4> docker run -it --name "py_lib1_cont_20220606" 6a572cff54ff /bin/bash
root@3f5af250ce1d:/# pip -l

Usage:
  pip <command> [options]

no such option: -l
root@3f5af250ce1d:/# pip list
Package         Version
--------------- -------
cycler          0.11.0
fonttools       4.33.3
future          0.18.2
Graphillion     1.5
kiwisolver      1.4.2
matplotlib      3.5.2
networkx        2.8.3
numpy           1.22.4
packaging       21.3
Pillow          9.1.1
pip             22.1.2
pyparsing       3.0.9
python-dateutil 2.8.2
setuptools      58.1.0
six             1.16.0
wheel           0.37.1
root@3f5af250ce1d:/# ls
bin  boot  dev  etc  home  lib  lib64  media  mnt  opt  proc  root  run  sbin  srv  sys  tmp  usr  var
root@3f5af250ce1d:/# cd home
root@3f5af250ce1d:/home# ls
root@3f5af250ce1d:/home# mkdir python_test
root@3f5af250ce1d:/home# cd python_test/
root@3f5af250ce1d:/home/python_test# python3
Python 3.9.10 (main, Mar  2 2022, 04:23:34)
[GCC 10.2.1 20210110] on linux
Type "help", "copyright", "credits" or "license" for more information.
>>> exit
Use exit() or Ctrl-D (i.e. EOF) to exit
>>> exit()
root@3f5af250ce1d:/home/python_test# vi test01.py
bash: vi: command not found
root@3f5af250ce1d:/home/python_test# exit
exit
PS C:\DockerTest\dockerfiletest4> docker cp C:\DockerTest\py 3f5af250ce1d:/home/python_test
PS C:\DockerTest\dockerfiletest4> docker start -i 3f5af250ce1d
root@3f5af250ce1d:/# cd /home/python_test/
root@3f5af250ce1d:/home/python_test# ls
py
root@3f5af250ce1d:/home/python_test/py# ls
graphillion_sample01.py
root@3f5af250ce1d:/home/python_test/py# ./graphillion_sample01.py
./graphillion_sample01.py: line 2: from: command not found
import-im6.q16: unable to open X server `' @ error/import.c/ImportImageCommand/346.
./graphillion_sample01.py: line 4: $'\r': command not found
./graphillion_sample01.py: line 6: from: command not found
./graphillion_sample01.py: line 7: $'\r': command not found
./graphillion_sample01.py: line 8: syntax error near unexpected token `('
'/graphillion_sample01.py: line 8: `universe = tl.grid(2, 2)
root@3f5af250ce1d:/home/python_test/py# cat ./graphillion_sample01.py
# 必要なモジュールのインポート
from graphillion import GraphSet
import graphillion.tutorial as tl

# グリッドのサイズを指定
from reportlab import xrange

universe = tl.grid(2, 2)
GraphSet.set_universe(universe)
# tl.draw(universe)

goal = 9  # ゴールの位置
paths = GraphSet.paths(start, goal)
print(len(paths))  # 12通りroot@3f5af250ce1d:/home/python_test/py# python
Python 3.9.10 (main, Mar  2 2022, 04:23:34)
[GCC 10.2.1 20210110] on linux
Type "help", "copyright", "credits" or "license" for more information.
>>> from graphillion import GraphSet
>>> import graphillion.tutorial as tl
>>> from reportlab import xrange
Traceback (most recent call last):
  File "<stdin>", line 1, in <module>
ModuleNotFoundError: No module named 'reportlab'
>>> GraphSet.set_universe(universe)
>>> tl.draw(universe)
>>> start = 1  # スタート位置
>>> goal = 9  # ゴールの位置
>>> paths = GraphSet.paths(start, goal)
>>> print(len(paths))
12
>>> exit()
root@3f5af250ce1d:/home/python_test/py# exit
              NAMES
3f5af250ce1d   6a572cff54ff             "/bin/bash"              46 minutes ago   Exited (0) 10 seconds ago                           py_lib1_cont_20220606
022032889d94   6aca31d67864             "/bin/bash"              5 hours ago      Exited (1) About an hour ago                        py_gra_cont_20220606
2d941c5b9ca4   1f4a8da6ebdf             "/bin/bash"              4 days ago       Exited (0) 5 hours ago                              pycont_20220602
dbabb6a2589b   53df61775e88             "/bin/bash"              6 days ago       Exited (127) 4 days ago                             cont_2022053003
ed4783cfa9ec   53df61775e88             "/bin/bash"              7 days ago       Exited (0) 7 days ago                 6a520507af50   ubuntu                   "/bin/bash"              7 days ago       Exited (0) 7 days ago                               cont_2022053001
a89f7b5ce8a0   d2e4e1f51132             "bash"                   7 days ago       Created                                             lucid_kapitsa
4c7e8443d582   53df61775e88             "/bin/echo Hello-wor…"   7 days ago       Exited (0) 7 days ago                               elegant_mestorf
970719f15bdd   d2e4e1f51132             "bash"                   7 days ago       Exited (0) 7 days ago                               hopeful_mclean
3364f0630c9f   docker/getting-started   "/docker-entrypoint.…"   10 days ago      Up 7 days                      0.0.0.0:80->80/tcp   brave_raman
PS C:\DockerTest\dockerfiletest4> docker export 3f5af250ce1d > export01.tar
PS C:\DockerTest\dockerfiletest4> ls


    ディレクトリ: C:\DockerTest\dockerfiletest4


Mode                 LastWriteTime         Length Name
----                 -------------         ------ ----
-a----        2022/06/06     14:18            573 Dockerfile
-a----        2022/06/06     15:22     2102706712 export01.tar
-a----        2022/06/06     10:00        1233917 Graphillion-1.5.tar.gz


PS C:\DockerTest\dockerfiletest4> docker images
REPOSITORY                TAG                  IMAGE ID       CREATED        SIZE
python3-file4             2022060604           6a572cff54ff   2 hours ago    1.13GB
python3-file2             20220606             6aca31d67864   6 hours ago    948MB
s390x-20220527            s390x-tag-20220527   458f29d9bf0c   10 days ago    938MB
image_20220526            tag_20200526         7ea4c407b27f   11 days ago    1.33GB
ubuntu                    latest               d2e4e1f51132   5 weeks ago    77.8MB
ubuntu20.04lts_20220530   20.04_20220530       53df61775e88   5 weeks ago    72.8MB
docker/getting-started    latest               cb90f98fd791   7 weeks ago    28.8MB
python3-file              20220601             1f4a8da6ebdf   3 months ago   912MB
PS C:\DockerTest\dockerfiletest4> docker save -o python_11lib 6a572cff54ff
PS C:\DockerTest\dockerfiletest4> cd ..\dockerfiletest5
PS C:\DockerTest\dockerfiletest5> ls


    ディレクトリ: C:\DockerTest\dockerfiletest5


Mode                 LastWriteTime         Length Name
----                 -------------         ------ ----
-a----        2022/06/06     16:58           1184 Dockerfile

PS C:\DockerTest\dockerfiletest5> docker build -t python3-file5:2022060605 .
[+] Building 138.8s (37/37) FINISHED
 => [internal] load build definition from Dockerfile                                                               0.1s
 => => transferring dockerfile: 1.22kB                                                                             0.1s
 => [internal] load .dockerignore                                                                                  0.1s
 => => transferring context: 2B                                                                                    0.0s
 => [internal] load metadata for docker.io/library/python:3.9.10                                                   4.7s
 => [auth] library/python:pull token for registry-1.docker.io                                                      0.0s
 => [ 1/32] FROM docker.io/library/python:3.9.10@sha256:3aae21920963df3205fba69826cc07fcf2fad91f9e062add921766b36  0.0s
 => CACHED [ 4/32] RUN python -m pip install future                                                                0.0s
 => CACHED [ 5/32] RUN python -m pip install kiwisolver                                                            0.0s
 => CACHED [ 6/32] RUN python -m pip install numpy                                                                 0.0s
 => CACHED [ 7/32] RUN python -m pip install packaging                                                             0.0s
 => CACHED [ 8/32] RUN python -m pip install Pillow                                                                0.0s
 => CACHED [ 9/32] RUN python -m pip install pyparsing                                                             0.0s
 => CACHED [10/32] RUN python -m pip install python-dateutil                                                       0.0s
 => CACHED [11/32] RUN python -m pip install setuptools                                                            0.0s
 => CACHED [12/32] RUN python -m pip install six                                                                   0.0s
 => [13/32] RUN python -m pip install cx_Oracle                                                                    7.6s
 => [14/32] RUN python -m pip install pandas                                                                      13.5s
 => [15/32] RUN python -m pip install pytz                                                                         2.2s
 => [16/32] RUN python -m pip install jdcal                                                                        2.1s
 => [17/32] RUN python -m pip install et_xmlfile                                                                   1.8s
 => [18/32] RUN python -m pip install openpyxl                                                                     2.4s
 => [19/32] RUN python -m pip install xlrd                                                                         2.0s
 => [20/32] RUN python -m pip install black                                                                        3.3s
 => [21/32] RUN python -m pip install flake8                                                                       2.6s
 => [22/32] RUN python -m pip install click                                                                        1.7s
 => [23/32] RUN python -m pip install colorama                                                                     2.0s
 => [24/32] RUN python -m pip install mypy_extensions                                                              1.6s
 => [25/32] RUN python -m pip install pathspec                                                                     1.6s
 => [27/32] RUN python -m pip install tomli                                                                        1.5s
 => [28/32] RUN python -m pip install typing_extensions                                                            1.7s
 => [29/32] RUN python -m pip install PyYAML                                                                       2.2s
 => [30/32] RUN python -m pip install networkx                                                                     4.4s
 => [31/32] RUN python -m pip install matplotlib                                                                   8.5s
 => [32/32] RUN python -m pip install graphillion                                                                 65.6s
 => exporting to image                                                                                             3.4s
 => => exporting layers                                                                                            2.9s
 => => writing image sha256:a9aca1db9f3c854cd0df78465ee50935a8752327e078bf0fae56bad9d6b54d07                       0.0s
 => => naming to docker.io/library/python3-file5:2022060605                                                        0.0s

Use 'docker scan' to run Snyk tests against images to find vulnerabilities and learn how to fix them
PS C:\DockerTest\dockerfiletest5> docker images
REPOSITORY                TAG                  IMAGE ID       CREATED          SIZE
python3-file5             2022060605           a9aca1db9f3c   11 minutes ago   1.21GB
python3-file4             2022060604           6a572cff54ff   3 hours ago      1.13GB
python3-file2             20220606             6aca31d67864   7 hours ago      948MB
s390x-20220527            s390x-tag-20220527   458f29d9bf0c   10 days ago      938MB
image_20220526            tag_20200526         7ea4c407b27f   11 days ago      1.33GB
ubuntu                    latest               d2e4e1f51132   5 weeks ago      77.8MB
ubuntu20.04lts_20220530   20.04_20220530       53df61775e88   5 weeks ago      72.8MB
docker/getting-started    latest               cb90f98fd791   7 weeks ago      28.8MB
python3-file              20220601             1f4a8da6ebdf   3 months ago     912MB
PS C:\DockerTest\dockerfiletest5> cd ..\dockerfiletest6
PS C:\DockerTest\dockerfiletest6> docker build -t python3-file6:2022060606 .
[+] Building 7.0s (6/37)
 => [internal] load build definition from Dockerfile                                                               0.1s
 => => transferring dockerfile: 1.25kB                                                                             0.0s
 => [internal] load .dockerignore                                                                                  0.0s
 => => transferring context: 2B                                                                                    0.0s
 => [internal] load metadata for docker.io/library/python:3.9.10                                                   4.5s
 => [auth] library/python:pull token for registry-1.docker.io                                                      0.0s
 => CACHED [ 1/33] FROM docker.io/library/python:3.9.10@sha256:3aae21920963df3205fba69826cc07fcf2fad91f9e062add92  0.0s
 => ERROR [ 2/33] RUN apt-get install -y vi less                                                                   2.2s
------
 > [ 2/33] RUN apt-get install -y vi less:
#6 2.111 Reading package lists...
#6 2.184 Building dependency tree...
#6 2.187 Reading state information...
#6 2.198 Package less is not available, but is referred to by another package.
#6 2.198 This may mean that the package is missing, has been obsoleted, or
#6 2.198 is only available from another source
#6 2.198
#6 2.200 E: Unable to locate package vi
#6 2.200 E: Package 'less' has no installation candidate
------
executor failed running [/bin/sh -c apt-get install -y vi less]: exit code: 100
PS C:\DockerTest\dockerfiletest6> docker build -t python3-file6:2022060606 .
 => [internal] load build definition from Dockerfile                                                               0.0s
 => => transferring dockerfile: 1.26kB                                                                             0.0s
 => [internal] load .dockerignore                                                                                  0.0s
 => => transferring context: 2B                                                                                    0.0s
 => [internal] load metadata for docker.io/library/python:3.9.10                                                   3.1s
 => [auth] library/python:pull token for registry-1.docker.io                                                      0.0s
 => CACHED [ 1/33] FROM docker.io/library/python:3.9.10@sha256:3aae21920963df3205fba69826cc07fcf2fad91f9e062add92  0.0s
 => ERROR [ 2/33] RUN /bin/sh -c apt-get install -y vi                                                             0.8s
------
 > [ 2/33] RUN /bin/sh -c apt-get install -y vi:
#6 0.771 apt 2.2.4 (amd64)
#6 0.771 Usage: apt-get [options] command
#6 0.771        apt-get [options] install|remove pkg1 [pkg2 ...]
#6 0.771        apt-get [options] source pkg1 [pkg2 ...]
#6 0.771
#6 0.771 apt-get is a command line interface for retrieval of packages
#6 0.771 and information about them from authenticated sources and
#6 0.771 for installation, upgrade and removal of packages together
#6 0.771 with their dependencies.
#6 0.771
#6 0.771 Most used commands:
#6 0.771   upgrade - Perform an upgrade
#6 0.771   install - Install new packages (pkg is libc6 not libc6.deb)
#6 0.771   reinstall - Reinstall packages (pkg is libc6 not libc6.deb)
#6 0.771   remove - Remove packages
#6 0.771   purge - Remove packages and config files
#6 0.771   autoremove - Remove automatically all unused packages
#6 0.771   dist-upgrade - Distribution upgrade, see apt-get(8)
#6 0.771   dselect-upgrade - Follow dselect selections
#6 0.771   build-dep - Configure build-dependencies for source packages
#6 0.771   satisfy - Satisfy dependency strings
#6 0.771   clean - Erase downloaded archive files
#6 0.771   autoclean - Erase old downloaded archive files
#6 0.771   check - Verify that there are no broken dependencies
#6 0.771   source - Download source archives
#6 0.771   download - Download the binary package into the current directory
#6 0.771   changelog - Download and display the changelog for the given package
#6 0.771
#6 0.771 Configuration options and syntax is detailed in apt.conf(5).
#6 0.771 Information about how to configure sources can be found in sources.list(5).
#6 0.771 Package and version choices can be expressed via apt_preferences(5).
#6 0.771 Security details are available in apt-secure(8).
#6 0.771                                         This APT has Super Cow Powers.
------
executor failed running [/bin/sh -c /bin/sh -c apt-get install -y vi]: exit code: 1
PS C:\DockerTest\dockerfiletest6> docker build -t python3-file6:2022060606 .
[+] Building 4.2s (5/36)
 => [internal] load build definition from Dockerfile                                                               0.0s
 => => transferring dockerfile: 1.26kB                                                                             0.0s
 => [internal] load .dockerignore                                                                                  0.0s
 => => transferring context: 2B                                                                                    0.0s
 => [internal] load metadata for docker.io/library/python:3.9.10                                                   1.9s
 => CACHED [ 1/33] FROM docker.io/library/python:3.9.10@sha256:3aae21920963df3205fba69826cc07fcf2fad91f9e062add92  0.0s
 => ERROR [ 2/33] RUN apt-get install -y vim less                                                                  1.9s
------
 > [ 2/33] RUN apt-get install -y vim less:
#5 1.473 Reading package lists...
#5 1.538 Building dependency tree...
#5 1.541 Reading state information...
#5 1.550 Package less is not available, but is referred to by another package.
#5 1.550 This may mean that the package is missing, has been obsoleted, or
#5 1.550 is only available from another source
#5 1.550
#5 1.553 E: Unable to locate package vim
#5 1.559 E: Package 'less' has no installation candidate
------
executor failed running [/bin/sh -c apt-get install -y vim less]: exit code: 100
PS C:\DockerTest\dockerfiletest6> docker build -t python3-file6:2022060606 .
[+] Building 3.9s (6/37)
 => [internal] load build definition from Dockerfile                                                               0.0s
 => => transferring dockerfile: 1.25kB                                                                             0.0s
 => [internal] load .dockerignore                                                                                  0.1s
 => => transferring context: 2B                                                                                    0.0s
 => [internal] load metadata for docker.io/library/python:3.9.10                                                   2.9s
 => [auth] library/python:pull token for registry-1.docker.io                                                      0.0s
 => CACHED [ 1/33] FROM docker.io/library/python:3.9.10@sha256:3aae21920963df3205fba69826cc07fcf2fad91f9e062add92  0.0s
 => ERROR [ 2/33] RUN apt-get install -y vim                                                                       0.7s
------
 > [ 2/33] RUN apt-get install -y vim:
#6 0.597 Reading package lists...
#6 0.624 Building dependency tree...
#6 0.626 Reading state information...
#6 0.632 E: Unable to locate package vim
------
executor failed running [/bin/sh -c apt-get install -y vim]: exit code: 100
 => [internal] load build definition from Dockerfile                                                               0.0s
 => => transferring dockerfile: 1.26kB                                                                             0.0s
 => [internal] load .dockerignore                                                                                  0.0s
 => => transferring context: 2B                                                                                    0.0s
 => [internal] load metadata for docker.io/library/python:3.9.10                                                   1.9s
 => CACHED [ 1/33] FROM docker.io/library/python:3.9.10@sha256:3aae21920963df3205fba69826cc07fcf2fad91f9e062add92  0.0s
 => ERROR [ 2/33] RUN /bin/sh -c apt-get install -y vim                                                            0.7s
------
 > [ 2/33] RUN /bin/sh -c apt-get install -y vim:
#5 0.680 apt 2.2.4 (amd64)
#5 0.681 Usage: apt-get [options] command
#5 0.681        apt-get [options] install|remove pkg1 [pkg2 ...]
#5 0.681        apt-get [options] source pkg1 [pkg2 ...]
#5 0.681
#5 0.681 apt-get is a command line interface for retrieval of packages
#5 0.681 and information about them from authenticated sources and
#5 0.681 for installation, upgrade and removal of packages together
#5 0.681 with their dependencies.
#5 0.681
#5 0.682 Most used commands:
#5 0.682   update - Retrieve new lists of packages
#5 0.682   upgrade - Perform an upgrade
#5 0.682   install - Install new packages (pkg is libc6 not libc6.deb)
#5 0.682   reinstall - Reinstall packages (pkg is libc6 not libc6.deb)
#5 0.682   remove - Remove packages
#5 0.682   purge - Remove packages and config files
#5 0.682   autoremove - Remove automatically all unused packages
#5 0.682   dist-upgrade - Distribution upgrade, see apt-get(8)
#5 0.682   dselect-upgrade - Follow dselect selections
#5 0.682   build-dep - Configure build-dependencies for source packages
#5 0.682   satisfy - Satisfy dependency strings
#5 0.682   clean - Erase downloaded archive files
#5 0.682   autoclean - Erase old downloaded archive files
#5 0.682   check - Verify that there are no broken dependencies
#5 0.682   source - Download source archives
#5 0.682   download - Download the binary package into the current directory
#5 0.682   changelog - Download and display the changelog for the given package
#5 0.682
#5 0.682 See apt-get(8) for more information about the available commands.
#5 0.682 Configuration options and syntax is detailed in apt.conf(5).
#5 0.682 Information about how to configure sources can be found in sources.list(5).
#5 0.682 Package and version choices can be expressed via apt_preferences(5).
#5 0.682 Security details are available in apt-secure(8).
#5 0.682                                         This APT has Super Cow Powers.
------
executor failed running [/bin/sh -c /bin/sh -c apt-get install -y vim]: exit code: 1
PS C:\DockerTest\dockerfiletest6>
PS C:\DockerTest\dockerfiletest6> docker build -t python3-file6:2022060606 .
 => [internal] load build definition from Dockerfile                                                               0.1s
 => => transferring dockerfile: 1.26kB                                                                             0.0s
 => [internal] load .dockerignore                                                                                  0.0s
 => => transferring context: 2B                                                                                    0.0s
 => [internal] load metadata for docker.io/library/python:3.9.10                                                   3.4s
 => [auth] library/python:pull token for registry-1.docker.io                                                      0.0s
 => CACHED [ 1/33] FROM docker.io/library/python:3.9.10@sha256:3aae21920963df3205fba69826cc07fcf2fad91f9e062add92  0.0s
 => ERROR [ 2/33] RUN /bin/sh -c apt-get -y install vim                                                            2.5s
------
 > [ 2/33] RUN /bin/sh -c apt-get -y install vim:
#6 2.455 apt 2.2.4 (amd64)
#6 2.455 Usage: apt-get [options] command
#6 2.455        apt-get [options] install|remove pkg1 [pkg2 ...]
#6 2.455        apt-get [options] source pkg1 [pkg2 ...]
#6 2.455
#6 2.455 apt-get is a command line interface for retrieval of packages
#6 2.455 for installation, upgrade and removal of packages together
#6 2.455 with their dependencies.
#6 2.455
#6 2.455 Most used commands:
#6 2.455   update - Retrieve new lists of packages
#6 2.455   upgrade - Perform an upgrade
#6 2.455   install - Install new packages (pkg is libc6 not libc6.deb)
#6 2.455   reinstall - Reinstall packages (pkg is libc6 not libc6.deb)
#6 2.455   remove - Remove packages
#6 2.455   purge - Remove packages and config files
#6 2.455   autoremove - Remove automatically all unused packages
#6 2.455   dist-upgrade - Distribution upgrade, see apt-get(8)
#6 2.455   dselect-upgrade - Follow dselect selections
#6 2.455   build-dep - Configure build-dependencies for source packages
#6 2.455   satisfy - Satisfy dependency strings
#6 2.455   clean - Erase downloaded archive files
#6 2.455   check - Verify that there are no broken dependencies
#6 2.455   source - Download source archives
#6 2.455   download - Download the binary package into the current directory
#6 2.455   changelog - Download and display the changelog for the given package
#6 2.455
#6 2.455 See apt-get(8) for more information about the available commands.
#6 2.455 Configuration options and syntax is detailed in apt.conf(5).
#6 2.455 Information about how to configure sources can be found in sources.list(5).
#6 2.455 Package and version choices can be expressed via apt_preferences(5).
#6 2.455 Security details are available in apt-secure(8).
#6 2.455                                         This APT has Super Cow Powers.
------
executor failed running [/bin/sh -c /bin/sh -c apt-get -y install vim]: exit code: 1
PS C:\DockerTest\dockerfiletest6> docker build -t python3-file6:2022060606 .
[+] Building 2.8s (5/36)
 => [internal] load build definition from Dockerfile                                                               0.1s
 => [internal] load .dockerignore                                                                                  0.0s
 => => transferring context: 2B                                                                                    0.0s
 => [internal] load metadata for docker.io/library/python:3.9.10                                                   1.9s
 => CACHED [ 1/33] FROM docker.io/library/python:3.9.10@sha256:3aae21920963df3205fba69826cc07fcf2fad91f9e062add92  0.0s
 => ERROR [ 2/33] RUN apt-get -y install vim                                                                       0.8s
------
 > [ 2/33] RUN apt-get -y install vim:
#5 0.667 Reading package lists...
#5 0.713 Building dependency tree...
#5 0.716 Reading state information...
#5 0.724 E: Unable to locate package vim
------
executor failed running [/bin/sh -c apt-get -y install vim]: exit code: 100
PS C:\DockerTest\dockerfiletest6> docker build -t python3-file6:2022060606 .
[+] Building 3.4s (5/36)
 => [internal] load build definition from Dockerfile                                                               0.0s
 => => transferring dockerfile: 1.25kB                                                                             0.0s
 => [internal] load .dockerignore                                                                                  0.0s
 => => transferring context: 2B                                                                                    0.0s
 => CACHED [ 1/33] FROM docker.io/library/python:3.9.10@sha256:3aae21920963df3205fba69826cc07fcf2fad91f9e062add92  0.0s
 => ERROR [ 2/33] RUN apt-get install vim                                                                          0.8s
------
 > [ 2/33] RUN apt-get install vim:
#5 0.638 Reading package lists...
#5 0.684 Building dependency tree...
#5 0.690 Reading state information...
#5 0.698 E: Unable to locate package vim
------
executor failed running [/bin/sh -c apt-get install vim]: exit code: 100
PS C:\DockerTest\dockerfiletest6> docker build -t python3-file6:2022060606 .
[+] Building 2.8s (5/36)
 => [internal] load build definition from Dockerfile                                                               0.1s
 => => transferring dockerfile: 1.25kB                                                                             0.0s
 => => transferring context: 2B                                                                                    0.0s
 => [internal] load metadata for docker.io/library/python:3.9.10                                                   2.0s
 => CACHED [ 1/33] FROM docker.io/library/python:3.9.10@sha256:3aae21920963df3205fba69826cc07fcf2fad91f9e062add92  0.0s
 => ERROR [ 2/33] RUN apt-get install vi                                                                           0.7s
------
 > [ 2/33] RUN apt-get install vi:
#5 0.579 Reading package lists...
#5 0.602 Building dependency tree...
#5 0.605 Reading state information...
#5 0.610 E: Unable to locate package vi
------
executor failed running [/bin/sh -c apt-get install vi]: exit code: 100
PS C:\DockerTest\dockerfiletest6> docker build -t python3-file6:2022060606 .
[+] Building 3.9s (5/36)
 => [internal] load build definition from Dockerfile                                                               0.1s
 => => transferring dockerfile: 1.25kB                                                                             0.0s
 => [internal] load .dockerignore                                                                                  0.0s
 => => transferring context: 2B                                                                                    0.0s
 => [internal] load metadata for docker.io/library/python:3.9.10                                                   2.3s
 => CACHED [ 1/33] FROM docker.io/library/python:3.9.10@sha256:3aae21920963df3205fba69826cc07fcf2fad91f9e062add92  0.0s
 => ERROR [ 2/33] RUN apt install vim -y                                                                           1.4s
------
 > [ 2/33] RUN apt install vim -y:
#5 1.141
#5 1.141 WARNING: apt does not have a stable CLI interface. Use with caution in scripts.
#5 1.141
#5 1.163 Reading package lists...
#5 1.227 Building dependency tree...
#5 1.233 Reading state information...
#5 1.249 E: Unable to locate package vim
------
executor failed running [/bin/sh -c apt install vim -y]: exit code: 100
PS C:\DockerTest\dockerfiletest6> docker build -t python3-file6:2022060606 .
[+] Building 4.3s (6/37)
 => [internal] load build definition from Dockerfile                                                               0.0s
 => => transferring dockerfile: 1.27kB                                                                             0.0s
 => [internal] load .dockerignore                                                                                  0.0s
 => => transferring context: 2B                                                                                    0.0s
 => [internal] load metadata for docker.io/library/python:3.9.10                                                   3.1s
 => [auth] library/python:pull token for registry-1.docker.io                                                      0.0s
 => CACHED [ 1/33] FROM docker.io/library/python:3.9.10@sha256:3aae21920963df3205fba69826cc07fcf2fad91f9e062add92  0.0s
 => ERROR [ 2/33] RUN /usr/local/bin/python apt-get install vim -y                                                 0.9s
------
 > [ 2/33] RUN /usr/local/bin/python apt-get install vim -y:
#6 0.881 /usr/local/bin/python: can't open file '//apt-get': [Errno 2] No such file or directory
------
PS C:\DockerTest\dockerfiletest6> docker build -t python3-file6:2022060606 .
[+] Building 249.0s (38/38) FINISHED
 => [internal] load build definition from Dockerfile                                                               0.1s
 => => transferring dockerfile: 1.27kB                                                                             0.0s
 => [internal] load .dockerignore                                                                                  0.0s
 => => transferring context: 2B                                                                                    0.0s
 => [internal] load metadata for docker.io/library/python:3.9.10                                                   1.9s
 => CACHED [ 1/34] FROM docker.io/library/python:3.9.10@sha256:3aae21920963df3205fba69826cc07fcf2fad91f9e062add92  0.0s
 => [ 2/34] RUN apt-get update                                                                                     5.1s
 => [ 3/34] RUN apt-get install vim -y                                                                             8.8s
 => [ 4/34] RUN /usr/local/bin/python -m pip install --upgrade pip                                                10.7s
 => [ 7/34] RUN python -m pip install kiwisolver                                                                   2.2s
 => [ 8/34] RUN python -m pip install numpy                                                                        8.0s
 => [ 9/34] RUN python -m pip install packaging                                                                    2.4s
 => [10/34] RUN python -m pip install Pillow                                                                       3.7s
 => [11/34] RUN python -m pip install pyparsing                                                                    1.7s
 => [12/34] RUN python -m pip install python-dateutil                                                              2.2s
 => [13/34] RUN python -m pip install setuptools                                                                   1.6s
 => [14/34] RUN python -m pip install six                                                                          2.0s
 => [15/34] RUN python -m pip install cx_Oracle                                                                    2.8s
 => [16/34] RUN python -m pip install pandas                                                                      13.1s
 => [17/34] RUN python -m pip install pytz                                                                         1.8s
 => [19/34] RUN python -m pip install et_xmlfile                                                                   2.3s
 => [20/34] RUN python -m pip install openpyxl                                                                     3.1s
 => [21/34] RUN python -m pip install xlrd                                                                         3.9s
 => [22/34] RUN python -m pip install black                                                                        6.9s
 => [23/34] RUN python -m pip install flake8                                                                       4.2s
 => [24/34] RUN python -m pip install click                                                                        2.4s
 => [25/34] RUN python -m pip install colorama                                                                     2.9s
 => [26/34] RUN python -m pip install mypy_extensions                                                              2.5s
 => [27/34] RUN python -m pip install pathspec                                                                     2.3s
 => [28/34] RUN python -m pip install platformdirs                                                                 2.5s
 => [29/34] RUN python -m pip install tomli                                                                        2.3s
 => [30/34] RUN python -m pip install typing_extensions                                                            3.2s
 => [31/34] RUN python -m pip install PyYAML                                                                       3.5s
 => [32/34] RUN python -m pip install networkx                                                                     6.7s
 => [33/34] RUN python -m pip install matplotlib                                                                  13.3s
 => [34/34] RUN python -m pip install graphillion                                                                 93.0s
 => exporting to image                                                                                            14.8s
 => => exporting layers                                                                                           14.3s
 => => writing image sha256:e4cbb458fabc66df2755cf0b14806a658a2ac53fb9a034188c8623c6d090a642                       0.1s
 => => naming to docker.io/library/python3-file6:2022060606                                                        0.0s

Use 'docker scan' to run Snyk tests against images to find vulnerabilities and learn how to fix them
PS C:\DockerTest\dockerfiletest6> docker images
REPOSITORY                TAG                  IMAGE ID       CREATED              SIZE
python3-file6             2022060606           e4cbb458fabc   About a minute ago   1.27GB
python3-file5             2022060605           a9aca1db9f3c   About an hour ago    1.21GB
python3-file4             2022060604           6a572cff54ff   4 hours ago          1.13GB
python3-file2             20220606             6aca31d67864   8 hours ago          948MB
s390x-20220527            s390x-tag-20220527   458f29d9bf0c   10 days ago          938MB
image_20220526            tag_20200526         7ea4c407b27f   12 days ago          1.33GB
ubuntu                    latest               d2e4e1f51132   5 weeks ago          77.8MB
ubuntu20.04lts_20220530   20.04_20220530       53df61775e88   5 weeks ago          72.8MB
docker/getting-started    latest               cb90f98fd791   7 weeks ago          28.8MB
python3-file              20220601             1f4a8da6ebdf   3 months ago         912MB
PS C:\DockerTest\dockerfiletest6> docker save -o py_27lib.tar e4cbb458fabc
PS C:\DockerTest\dockerfiletest6> ls


    ディレクトリ: C:\DockerTest\dockerfiletest6


Mode                 LastWriteTime         Length Name
----                 -------------         ------ ----
-a----        2022/06/06     18:05           1232 Dockerfile
-a----        2022/06/07     10:34     1300372480 py_27lib.tar


PS C:\DockerTest\dockerfiletest6> cat .\Dockerfile
FROM python:3.9.10

RUN apt-get update
RUN apt-get install vim -y
RUN /usr/local/bin/python -m pip install --upgrade pip

RUN python -m pip install cycler
RUN python -m pip install future
RUN python -m pip install kiwisolver
RUN python -m pip install numpy
RUN python -m pip install packaging
RUN python -m pip install Pillow
RUN python -m pip install pyparsing
RUN python -m pip install python-dateutil
RUN python -m pip install setuptools
RUN python -m pip install six

RUN python -m pip install cx_Oracle
RUN python -m pip install pandas
RUN python -m pip install pytz
RUN python -m pip install jdcal
RUN python -m pip install et_xmlfile
RUN python -m pip install openpyxl
RUN python -m pip install xlrd
RUN python -m pip install black
RUN python -m pip install flake8
RUN python -m pip install click
RUN python -m pip install colorama
RUN python -m pip install mypy_extensions
RUN python -m pip install pathspec
RUN python -m pip install platformdirs
RUN python -m pip install tomli
RUN python -m pip install typing_extensions
RUN python -m pip install PyYAML

RUN python -m pip install networkx
RUN python -m pip install matplotlib
RUN python -m pip install graphillion

CMD ["/bin/bash"]
PS C:\DockerTest\dockerfiletest6>


2022060702 pip list
PS C:\DockerTest\dockerfiletest6> docker run -it --name "py_27lib_cont_20220607"  e4cbb458fabc /bin/bash
root@a62e31b47339:/# pip list
Package           Version
----------------- -------
black             22.3.0
click             8.1.3
colorama          0.4.4
cx-Oracle         8.3.0
cycler            0.11.0
et-xmlfile        1.1.0
flake8            4.0.1
fonttools         4.33.3
future            0.18.2
Graphillion       1.5
jdcal             1.4.1
kiwisolver        1.4.2
matplotlib        3.5.2
mccabe            0.6.1
mypy-extensions   0.4.3
networkx          2.8.3
numpy             1.22.4
openpyxl          3.0.10
packaging         21.3
pandas            1.4.2
pathspec          0.9.0
Pillow            9.1.1
pip               22.1.2
platformdirs      2.5.2
pycodestyle       2.8.0
pyflakes          2.4.0
pyparsing         3.0.9
python-dateutil   2.8.2
pytz              2022.1
PyYAML            6.0
setuptools        58.1.0
six               1.16.0
tomli             2.0.1
typing_extensions 4.2.0
wheel             0.37.1
xlrd              2.0.1
root@a62e31b47339:/#
