Installing, this may take a few minutes...
Please create a default UNIX user account. The username does not need to match your Windows username.
For more information visit: https://aka.ms/wslusers
Enter new UNIX username: user
New password:
Retype new password:
passwd: password updated successfully
Installation successful!
To run a command as administrator (user "root"), use "sudo <command>".
See "man sudo_root" for details.

Welcome to Ubuntu 20.04.4 LTS (GNU/Linux 4.4.0-19041-Microsoft x86_64)

 * Documentation:  https://help.ubuntu.com
 * Management:     https://landscape.canonical.com
 * Support:        https://ubuntu.com/advantage

  System information as of Wed May 25 15:43:31 JST 2022

  System load:            0.52
  Usage of /home:         unknown
  Memory usage:           69%
  Swap usage:             0%
  Processes:              7
  Users logged in:        0
  IPv4 address for eth2:  192.168.56.1
  IPv4 address for eth3:  172.31.16.1
  IPv4 address for wifi0: 192.168.0.149
  IPv6 address for wifi0: 240b:12:a1:2300:5d46:c272:afd2:b185
  IPv6 address for wifi0: 240b:12:a1:2300:159b:ed14:d7c0:f7d2

1 update can be applied immediately.
To see these additional updates run: apt list --upgradable


The list of available updates is more than a week old.
To check for new updates run: sudo apt update


This message is shown once a day. To disable it please create the
/home/user/.hushlogin file.
user@Win10-PC:~$ docker

Command 'docker' not found, but can be installed with:

sudo apt install docker.io

user@Win10-PC:~$ sudo apt install docker.io
[sudo] password for user:
Reading package lists... Done
Building dependency tree
Reading state information... Done
Package docker.io is not available, but is referred to by another package.
This may mean that the package is missing, has been obsoleted, or
is only available from another source

E: Package 'docker.io' has no installation candidate
user@Win10-PC:~$ sudo passwd root
New password:
Retype new password:
passwd: password updated successfully
user@Win10-PC:~$ su
Password:
root@Win10-PC:/home/user# apt update
Get:1 http://security.ubuntu.com/ubuntu focal-security InRelease [114 kB]
Hit:2 http://archive.ubuntu.com/ubuntu focal InRelease
Get:3 http://archive.ubuntu.com/ubuntu focal-updates InRelease [114 kB]
Get:4 http://archive.ubuntu.com/ubuntu focal-backports InRelease [108 kB]
Get:5 http://archive.ubuntu.com/ubuntu focal/universe amd64 Packages [8628 kB]
Get:6 http://security.ubuntu.com/ubuntu focal-security/main amd64 Packages [1470 kB]
Get:7 http://security.ubuntu.com/ubuntu focal-security/main Translation-en [252 kB]
Get:8 http://security.ubuntu.com/ubuntu focal-security/main amd64 c-n-f Metadata [10.2 kB]
Get:9 http://security.ubuntu.com/ubuntu focal-security/restricted amd64 Packages [933 kB]
Get:10 http://security.ubuntu.com/ubuntu focal-security/restricted Translation-en [132 kB]
Get:11 http://security.ubuntu.com/ubuntu focal-security/restricted amd64 c-n-f Metadata [520 B]
Get:12 http://security.ubuntu.com/ubuntu focal-security/universe amd64 Packages [703 kB]
Get:13 http://security.ubuntu.com/ubuntu focal-security/universe Translation-en [126 kB]
Get:14 http://security.ubuntu.com/ubuntu focal-security/universe amd64 c-n-f Metadata [14.4 kB]
Get:15 http://security.ubuntu.com/ubuntu focal-security/multiverse amd64 Packages [22.2 kB]
Get:16 http://security.ubuntu.com/ubuntu focal-security/multiverse Translation-en [5376 B]
Get:17 http://security.ubuntu.com/ubuntu focal-security/multiverse amd64 c-n-f Metadata [512 B]
Get:18 http://archive.ubuntu.com/ubuntu focal/universe Translation-en [5124 kB]
Get:19 http://archive.ubuntu.com/ubuntu focal/universe amd64 c-n-f Metadata [265 kB]
Get:20 http://archive.ubuntu.com/ubuntu focal/multiverse amd64 Packages [144 kB]
Get:21 http://archive.ubuntu.com/ubuntu focal/multiverse Translation-en [104 kB]
Get:22 http://archive.ubuntu.com/ubuntu focal/multiverse amd64 c-n-f Metadata [9136 B]
Get:23 http://archive.ubuntu.com/ubuntu focal-updates/main amd64 Packages [1811 kB]
Get:24 http://archive.ubuntu.com/ubuntu focal-updates/main Translation-en [333 kB]
Get:25 http://archive.ubuntu.com/ubuntu focal-updates/main amd64 c-n-f Metadata [15.2 kB]
Get:26 http://archive.ubuntu.com/ubuntu focal-updates/restricted amd64 Packages [995 kB]
Get:27 http://archive.ubuntu.com/ubuntu focal-updates/restricted Translation-en [142 kB]
Get:28 http://archive.ubuntu.com/ubuntu focal-updates/restricted amd64 c-n-f Metadata [520 B]
Get:29 http://archive.ubuntu.com/ubuntu focal-updates/universe amd64 Packages [924 kB]
Get:30 http://archive.ubuntu.com/ubuntu focal-updates/universe Translation-en [207 kB]
Get:31 http://archive.ubuntu.com/ubuntu focal-updates/universe amd64 c-n-f Metadata [20.7 kB]
Get:32 http://archive.ubuntu.com/ubuntu focal-updates/multiverse amd64 Packages [24.4 kB]
Get:33 http://archive.ubuntu.com/ubuntu focal-updates/multiverse Translation-en [7336 B]
Get:34 http://archive.ubuntu.com/ubuntu focal-updates/multiverse amd64 c-n-f Metadata [596 B]
Get:35 http://archive.ubuntu.com/ubuntu focal-backports/main amd64 Packages [44.5 kB]
Get:36 http://archive.ubuntu.com/ubuntu focal-backports/main Translation-en [10.9 kB]
Get:37 http://archive.ubuntu.com/ubuntu focal-backports/main amd64 c-n-f Metadata [980 B]
Get:38 http://archive.ubuntu.com/ubuntu focal-backports/restricted amd64 c-n-f Metadata [116 B]
Get:39 http://archive.ubuntu.com/ubuntu focal-backports/universe amd64 Packages [23.6 kB]
Get:40 http://archive.ubuntu.com/ubuntu focal-backports/universe Translation-en [15.9 kB]
Get:41 http://archive.ubuntu.com/ubuntu focal-backports/universe amd64 c-n-f Metadata [860 B]
Get:42 http://archive.ubuntu.com/ubuntu focal-backports/multiverse amd64 c-n-f Metadata [116 B]
Fetched 22.9 MB in 52s (441 kB/s)
Reading package lists... Done
Building dependency tree
Reading state information... Done
75 packages can be upgraded. Run 'apt list --upgradable' to see them.
root@Win10-PC:/home/user#
